claims.md:3:1: warning [repetition.repeated-claim] These passages repeat an assertion; check whether the explanation can be shared.
  related: claims.md:9:1
restart.md:1:2: warning [repetition.explanatory-restart] The explanation repeats its initial judgment before giving the reason.
  related: restart.md:1:30
words.md:1:2: warning [repetition.adjacent-word] This word occurs twice in succession; check for an accidental duplicate.
  related: words.md:1:6
words.md:3:13: warning [repetition.adjacent-word] This word occurs twice in succession; check for an accidental duplicate.
  related: words.md:3:22
FAIL: 3 documents, 4 findings; analysis complete.
  gate: claims.md: These passages repeat an assertion; check whether the explanation can be shared.
  gate: restart.md: The explanation repeats its initial judgment before giving the reason.
  gate: words.md: This word occurs twice in succession; check for an accidental duplicate.
  gate: words.md: This word occurs twice in succession; check for an accidental duplicate.
Revision probability: unavailable (no calibrated alpha model).
