sample.bash:1:3: error [filler.announced-importance] State the fact without announcing its importance.
sample.bash:3:18: error [scaffold.chat-preamble] Start with the subject instead of a conversational acknowledgment.
sample.sh:1:3: error [filler.announced-importance] State the fact without announcing its importance.
sample.sh:3:18: error [scaffold.chat-preamble] Start with the subject instead of a conversational acknowledgment.
sample.zsh:1:3: error [filler.announced-importance] State the fact without announcing its importance.
sample.zsh:3:18: error [scaffold.chat-preamble] Start with the subject instead of a conversational acknowledgment.
FAIL: 3 documents, 6 findings; analysis complete.
  gate: sample.bash: State the fact without announcing its importance.
  gate: sample.bash: Start with the subject instead of a conversational acknowledgment.
  gate: sample.sh: State the fact without announcing its importance.
  gate: sample.sh: Start with the subject instead of a conversational acknowledgment.
  gate: sample.zsh: State the fact without announcing its importance.
  gate: sample.zsh: Start with the subject instead of a conversational acknowledgment.
Revision probability: unavailable (no calibrated alpha model).
