sample.go:3:7: warning [syntax.not-only-density] Repeated paired contrasts make this passage formulaic.
  related: sample.go:3:37
sample.go:6:18: warning [syntax.rhetorical-question-density] Check repeated question-and-short-answer transitions.
  related: sample.go:6:30
  related: sample.go:6:51
  related: sample.go:6:64
sample.md:5:4: warning [syntax.not-only-density] Repeated paired contrasts make this passage formulaic.
  related: sample.md:5:34
sample.md:7:1: warning [syntax.paired-contrast-density] Check whether repeated paired contrasts carry distinct information.
  related: sample.md:7:24
  related: sample.md:7:44
  related: sample.md:7:67
sample.md:9:5: warning [syntax.triad-density] Check repeated triads of evaluative modifiers against specific properties.
  related: sample.md:9:57
sample.md:11:1: warning [syntax.whether-preface-density] Reduce repeated whether-you prefaces while preserving alternatives.
  related: sample.md:11:58
sample.md:13:1: warning [syntax.rhetorical-question-density] Check repeated question-and-short-answer transitions.
  related: sample.md:13:13
  related: sample.md:13:34
  related: sample.md:13:47
sample.md:15:13: warning [syntax.passive-candidate-density] Several sentences contain be-plus-participle candidates; review voice only where the meaning allows it.
  related: sample.md:15:81
PASS: 2 documents, 8 findings; analysis complete.
Shared measurements: unswell-feature-collection-v1 / unswell-block-features-v1; analysis complete.
Rule activations: unswell-rule-activations-v1; values are signals, not probabilities.
sample.go [block 0, comment] activation/syntax.not-only-density: 0.333 ratio
sample.go [block 0, comment] activation/syntax.paired-contrast-density: 0 ratio
sample.go [block 0, comment] activation/syntax.passive-candidate-density: unavailable (inapplicable/insufficient_words) ratio
sample.go [block 0, comment] activation/syntax.rhetorical-question-density: unavailable (inapplicable/no_eligible_window) ratio
sample.go [block 0, comment] activation/syntax.triad-density: 0 ratio
sample.go [block 0, comment] activation/syntax.whether-preface-density: unavailable (inapplicable/no_eligible_window) ratio
sample.go [block 1, string] activation/syntax.not-only-density: 0 ratio
sample.go [block 1, string] activation/syntax.paired-contrast-density: unavailable (inapplicable/no_eligible_window) ratio
sample.go [block 1, string] activation/syntax.passive-candidate-density: unavailable (inapplicable/insufficient_words) ratio
sample.go [block 1, string] activation/syntax.rhetorical-question-density: 0.333 ratio
sample.go [block 1, string] activation/syntax.triad-density: 0 ratio
sample.go [block 1, string] activation/syntax.whether-preface-density: unavailable (inapplicable/no_eligible_window) ratio
sample.go [block 2, comment] activation/syntax.not-only-density: 0 ratio
sample.go [block 2, comment] activation/syntax.paired-contrast-density: unavailable (inapplicable/no_eligible_window) ratio
sample.go [block 2, comment] activation/syntax.passive-candidate-density: unavailable (inapplicable/insufficient_words) ratio
sample.go [block 2, comment] activation/syntax.rhetorical-question-density: unavailable (inapplicable/no_eligible_window) ratio
sample.go [block 2, comment] activation/syntax.triad-density: 0 ratio
sample.go [block 2, comment] activation/syntax.whether-preface-density: unavailable (inapplicable/no_eligible_window) ratio
sample.go [block 3, comment] activation/syntax.not-only-density: 0 ratio
sample.go [block 3, comment] activation/syntax.paired-contrast-density: unavailable (inapplicable/no_eligible_window) ratio
sample.go [block 3, comment] activation/syntax.passive-candidate-density: unavailable (inapplicable/insufficient_words) ratio
sample.go [block 3, comment] activation/syntax.rhetorical-question-density: unavailable (inapplicable/no_eligible_window) ratio
sample.go [block 3, comment] activation/syntax.triad-density: 0 ratio
sample.go [block 3, comment] activation/syntax.whether-preface-density: unavailable (inapplicable/no_eligible_window) ratio
sample.md [block 0, heading] activation/syntax.not-only-density: unavailable (inapplicable/unsupported_unit) ratio
sample.md [block 0, heading] activation/syntax.paired-contrast-density: unavailable (inapplicable/unsupported_unit) ratio
sample.md [block 0, heading] activation/syntax.passive-candidate-density: unavailable (inapplicable/unsupported_unit) ratio
sample.md [block 0, heading] activation/syntax.rhetorical-question-density: unavailable (inapplicable/unsupported_unit) ratio
sample.md [block 0, heading] activation/syntax.triad-density: unavailable (inapplicable/unsupported_unit) ratio
sample.md [block 0, heading] activation/syntax.whether-preface-density: unavailable (inapplicable/unsupported_unit) ratio
sample.md [block 1, paragraph] activation/syntax.not-only-density: 0 ratio
sample.md [block 1, paragraph] activation/syntax.paired-contrast-density: 0 ratio
sample.md [block 1, paragraph] activation/syntax.passive-candidate-density: 0 ratio
sample.md [block 1, paragraph] activation/syntax.rhetorical-question-density: unavailable (inapplicable/no_eligible_window) ratio
sample.md [block 1, paragraph] activation/syntax.triad-density: 0 ratio
sample.md [block 1, paragraph] activation/syntax.whether-preface-density: unavailable (inapplicable/no_eligible_window) ratio
sample.md [block 2, paragraph] activation/syntax.not-only-density: 0.333 ratio
sample.md [block 2, paragraph] activation/syntax.paired-contrast-density: 0 ratio
sample.md [block 2, paragraph] activation/syntax.passive-candidate-density: unavailable (inapplicable/insufficient_words) ratio
sample.md [block 2, paragraph] activation/syntax.rhetorical-question-density: unavailable (inapplicable/no_eligible_window) ratio
sample.md [block 2, paragraph] activation/syntax.triad-density: 0 ratio
sample.md [block 2, paragraph] activation/syntax.whether-preface-density: unavailable (inapplicable/no_eligible_window) ratio
sample.md [block 3, paragraph] activation/syntax.not-only-density: 0 ratio
sample.md [block 3, paragraph] activation/syntax.paired-contrast-density: 0.333 ratio
sample.md [block 3, paragraph] activation/syntax.passive-candidate-density: unavailable (inapplicable/insufficient_words) ratio
sample.md [block 3, paragraph] activation/syntax.rhetorical-question-density: unavailable (inapplicable/no_eligible_window) ratio
sample.md [block 3, paragraph] activation/syntax.triad-density: 0 ratio
sample.md [block 3, paragraph] activation/syntax.whether-preface-density: unavailable (inapplicable/no_eligible_window) ratio
sample.md [block 4, paragraph] activation/syntax.not-only-density: 0 ratio
sample.md [block 4, paragraph] activation/syntax.paired-contrast-density: 0 ratio
sample.md [block 4, paragraph] activation/syntax.passive-candidate-density: unavailable (inapplicable/insufficient_words) ratio
sample.md [block 4, paragraph] activation/syntax.rhetorical-question-density: unavailable (inapplicable/no_eligible_window) ratio
sample.md [block 4, paragraph] activation/syntax.triad-density: 0.333 ratio
sample.md [block 4, paragraph] activation/syntax.whether-preface-density: 0 ratio
sample.md [block 5, paragraph] activation/syntax.not-only-density: 0 ratio
sample.md [block 5, paragraph] activation/syntax.paired-contrast-density: 0 ratio
sample.md [block 5, paragraph] activation/syntax.passive-candidate-density: 0 ratio
sample.md [block 5, paragraph] activation/syntax.rhetorical-question-density: unavailable (inapplicable/no_eligible_window) ratio
sample.md [block 5, paragraph] activation/syntax.triad-density: 0 ratio
sample.md [block 5, paragraph] activation/syntax.whether-preface-density: 0.333 ratio
sample.md [block 6, paragraph] activation/syntax.not-only-density: 0 ratio
sample.md [block 6, paragraph] activation/syntax.paired-contrast-density: unavailable (inapplicable/no_eligible_window) ratio
sample.md [block 6, paragraph] activation/syntax.passive-candidate-density: unavailable (inapplicable/insufficient_words) ratio
sample.md [block 6, paragraph] activation/syntax.rhetorical-question-density: 0.333 ratio
sample.md [block 6, paragraph] activation/syntax.triad-density: 0 ratio
sample.md [block 6, paragraph] activation/syntax.whether-preface-density: unavailable (inapplicable/no_eligible_window) ratio
sample.md [block 7, paragraph] activation/syntax.not-only-density: 0 ratio
sample.md [block 7, paragraph] activation/syntax.paired-contrast-density: 0 ratio
sample.md [block 7, paragraph] activation/syntax.passive-candidate-density: 0.333 ratio
sample.md [block 7, paragraph] activation/syntax.rhetorical-question-density: unavailable (inapplicable/no_eligible_window) ratio
sample.md [block 7, paragraph] activation/syntax.triad-density: 0 ratio
sample.md [block 7, paragraph] activation/syntax.whether-preface-density: unavailable (inapplicable/no_eligible_window) ratio
sample.md [block 8, paragraph] activation/syntax.not-only-density: unavailable (inapplicable/no_eligible_window) ratio
sample.md [block 8, paragraph] activation/syntax.paired-contrast-density: unavailable (inapplicable/no_eligible_window) ratio
sample.md [block 8, paragraph] activation/syntax.passive-candidate-density: unavailable (inapplicable/no_eligible_window) ratio
sample.md [block 8, paragraph] activation/syntax.rhetorical-question-density: unavailable (inapplicable/no_eligible_window) ratio
sample.md [block 8, paragraph] activation/syntax.triad-density: unavailable (inapplicable/no_eligible_window) ratio
sample.md [block 8, paragraph] activation/syntax.whether-preface-density: unavailable (inapplicable/no_eligible_window) ratio
sample.md [block 9, paragraph] activation/syntax.not-only-density: 0 ratio
sample.md [block 9, paragraph] activation/syntax.paired-contrast-density: unavailable (inapplicable/no_eligible_window) ratio
sample.md [block 9, paragraph] activation/syntax.passive-candidate-density: unavailable (inapplicable/insufficient_words) ratio
sample.md [block 9, paragraph] activation/syntax.rhetorical-question-density: unavailable (inapplicable/no_eligible_window) ratio
sample.md [block 9, paragraph] activation/syntax.triad-density: 0 ratio
sample.md [block 9, paragraph] activation/syntax.whether-preface-density: unavailable (inapplicable/no_eligible_window) ratio
sample.md [block 10, paragraph] activation/syntax.not-only-density: 0 ratio
sample.md [block 10, paragraph] activation/syntax.paired-contrast-density: unavailable (inapplicable/no_eligible_window) ratio
sample.md [block 10, paragraph] activation/syntax.passive-candidate-density: unavailable (inapplicable/insufficient_words) ratio
sample.md [block 10, paragraph] activation/syntax.rhetorical-question-density: unavailable (inapplicable/no_eligible_window) ratio
sample.md [block 10, paragraph] activation/syntax.triad-density: 0 ratio
sample.md [block 10, paragraph] activation/syntax.whether-preface-density: unavailable (inapplicable/no_eligible_window) ratio
sample.md [block 11, paragraph] activation/syntax.not-only-density: unavailable (inapplicable/no_eligible_window) ratio
sample.md [block 11, paragraph] activation/syntax.paired-contrast-density: unavailable (inapplicable/no_eligible_window) ratio
sample.md [block 11, paragraph] activation/syntax.passive-candidate-density: unavailable (inapplicable/insufficient_words) ratio
sample.md [block 11, paragraph] activation/syntax.rhetorical-question-density: unavailable (inapplicable/no_eligible_window) ratio
sample.md [block 11, paragraph] activation/syntax.triad-density: 0 ratio
sample.md [block 11, paragraph] activation/syntax.whether-preface-density: unavailable (inapplicable/no_eligible_window) ratio
sample.md [block 12, paragraph] activation/syntax.not-only-density: 0 ratio
sample.md [block 12, paragraph] activation/syntax.paired-contrast-density: 0 ratio
sample.md [block 12, paragraph] activation/syntax.passive-candidate-density: unavailable (inapplicable/insufficient_words) ratio
sample.md [block 12, paragraph] activation/syntax.rhetorical-question-density: unavailable (inapplicable/no_eligible_window) ratio
sample.md [block 12, paragraph] activation/syntax.triad-density: 0 ratio
sample.md [block 12, paragraph] activation/syntax.whether-preface-density: unavailable (inapplicable/no_eligible_window) ratio
Revision probability: unavailable (no calibrated alpha model).
