sample.md:5:11: error [filler.announced-importance] State the fact without announcing its importance.
sample.md:7:7: error [scaffold.chat-preamble] Start with the subject instead of a conversational acknowledgment.
sample.md:9:1: error [filler.announced-importance] State the fact without announcing its importance.
FAIL: 1 documents, 3 findings; analysis complete.
  gate: sample.md: State the fact without announcing its importance.
  gate: sample.md: Start with the subject instead of a conversational acknowledgment.
  gate: sample.md: State the fact without announcing its importance.
Revision probability: unavailable (no calibrated alpha model).
