guide.md:1:32: warning [filler.document-justification] State the scope or destination directly instead of explaining why this page exists.
guide.md:3:1: warning [filler.evaluative-closure] This evaluative clause announces a purpose or endorses a result; state the consequence directly.
guide.md:5:1: warning [filler.unscoped-assurance] State the behavior, scope or evidence behind this quality claim.
guide.md:7:35: warning [filler.unscoped-assurance] State the behavior, scope or evidence behind this quality claim.
sample.go:3:4: warning [filler.unscoped-assurance] State the behavior, scope or evidence behind this quality claim.
sample.go:6:18: warning [filler.evaluative-closure] This evaluative clause announces a purpose or endorses a result; state the consequence directly.
FAIL: 2 documents, 6 findings; analysis complete.
  gate: guide.md: State the scope or destination directly instead of explaining why this page exists.
  gate: guide.md: This evaluative clause announces a purpose or endorses a result; state the consequence directly.
  gate: guide.md: State the behavior, scope or evidence behind this quality claim.
  gate: guide.md: State the behavior, scope or evidence behind this quality claim.
  gate: sample.go: State the behavior, scope or evidence behind this quality claim.
  gate: sample.go: This evaluative clause announces a purpose or endorses a result; state the consequence directly.
Revision probability: unavailable (no calibrated alpha model).
