sample.go:4:15: warning [filler.stacked-hedging] Check whether each hedge expresses a distinct uncertainty; retain needed qualifications. [suppressed]
  related: sample.go:4:19
  related: sample.go:4:28
sample.go:7:28: warning [hype.vague-praise] Replace general praise with a specific property or measured result.
FAIL: 1 documents, 2 findings; analysis complete.
  gate: sample.go: Replace general praise with a specific property or measured result.
Suppression used: sample.go:3:1 [disable-next-block] Preserve the supplied compatibility wording. (matches: 1).
sample.go paragraph 0: raw index 4; effective index 0.
sample.go sentence 0: raw index 4; effective index 0.
Revision probability: unavailable (no calibrated alpha model).
