guide.md:3:1: warning [filler.unscoped-assurance] State the behavior, scope or evidence behind this quality claim.
guide.md:5:22: warning [filler.unscoped-assurance] State the behavior, scope or evidence behind this quality claim.
PASS: 1 documents, 2 findings; analysis complete.
Revision probability: unavailable (no calibrated alpha model).
