guide.md:3:1: warning [filler.unscoped-assurance] Test or review evidence is presented as a quality guarantee; distinguish what it establishes from the broader claim.
guide.md:5:22: warning [filler.unscoped-assurance] This wording makes an unrestricted trust assurance; state the assumptions and limits of verification.
PASS: 1 documents, 2 findings; analysis complete.
Revision probability: unavailable (no calibrated alpha model).
