guide.md:3:1: warning [repetition.exact-sentence] This sentence is repeated; consider whether every occurrence is needed.
  related: guide.md:5:1
guide.md:3:5: error [policy.banned-phrases] Remove a phrase forbidden by this editorial policy.
guide.md:5:5: error [policy.banned-phrases] Remove a phrase forbidden by this editorial policy.
INCOMPLETE: 1 documents, 3 findings; analysis incomplete.
  gate: guide.md: Remove a phrase forbidden by this editorial policy.
  gate: guide.md: Remove a phrase forbidden by this editorial policy.
  error: guide.md: suppression at bytes [0,94): unused suppression for rule repetition.exact-sentence
  error: : suppression at bytes [0,94): unused suppression for rule repetition.exact-sentence
Suppression unused: guide.md:1:1 [disable-next-block] Required repeated definition. (matches: 0).
Revision probability: unavailable (no calibrated alpha model).
