sample.md:7:1: warning [readability.grade-metric] The ARI formula exceeds the selected level; consider the audience and keep necessary technical terms.
  related: sample.md:7:58
PASS: 1 documents, 1 findings; analysis complete.
Shared measurements: unswell-feature-collection-v1 / unswell-block-features-v1; analysis complete.
Rule activations: unswell-rule-activations-v1; values are signals, not probabilities.
sample.md [block 0, heading] activation/filler.announced-importance: unavailable (disabled) ratio
sample.md [block 0, heading] activation/readability.grade-metric: unavailable (inapplicable/unsupported_unit) ratio
sample.md [block 0, heading] prose-words: unavailable (unsupported_unit) words
sample.md [block 1, paragraph] activation/filler.announced-importance: unavailable (disabled) ratio
sample.md [block 1, paragraph] activation/readability.grade-metric: unavailable (inapplicable/insufficient_words) ratio
sample.md [block 1, paragraph] prose-words: 3 words
sample.md [block 2, paragraph] activation/filler.announced-importance: unavailable (disabled) ratio
sample.md [block 2, paragraph] activation/readability.grade-metric: 0 ratio
sample.md [block 2, paragraph] prose-words: 10 words
sample.md [block 3, paragraph] activation/filler.announced-importance: unavailable (disabled) ratio
sample.md [block 3, paragraph] activation/readability.grade-metric: 1 ratio
sample.md [block 3, paragraph] prose-words: 10 words
Revision probability: unavailable (no calibrated alpha model).
