PASS: 1 documents, 0 findings; analysis complete.
Shared measurements: unswell-feature-collection-v1 / unswell-block-features-v1; analysis complete.
sample.md [block 0, heading] prose-words: unavailable (unsupported_unit) words
sample.md [block 0, heading] type-token-ratio: unavailable (unsupported_unit) ratio
sample.md [block 1, paragraph] prose-words: 3 words
sample.md [block 1, paragraph] type-token-ratio: 1 ratio
Revision probability: unavailable (no calibrated alpha model).
