sample.c:1:4: error [filler.announced-importance] State the fact without announcing its importance.
sample.c:3:24: error [scaffold.chat-preamble] Start with the subject instead of a conversational acknowledgment.
sample.cpp:1:4: error [filler.announced-importance] State the fact without announcing its importance.
sample.cpp:3:24: error [scaffold.chat-preamble] Start with the subject instead of a conversational acknowledgment.
sample.go:2:4: error [filler.announced-importance] State the fact without announcing its importance.
sample.go:4:18: error [scaffold.chat-preamble] Start with the subject instead of a conversational acknowledgment.
sample.sh:1:3: error [filler.announced-importance] State the fact without announcing its importance.
sample.sh:3:10: error [scaffold.chat-preamble] Start with the subject instead of a conversational acknowledgment.
FAIL: 4 documents, 8 findings; analysis complete.
  gate: sample.c: State the fact without announcing its importance.
  gate: sample.c: Start with the subject instead of a conversational acknowledgment.
  gate: sample.cpp: State the fact without announcing its importance.
  gate: sample.cpp: Start with the subject instead of a conversational acknowledgment.
  gate: sample.go: State the fact without announcing its importance.
  gate: sample.go: Start with the subject instead of a conversational acknowledgment.
  gate: sample.sh: State the fact without announcing its importance.
  gate: sample.sh: Start with the subject instead of a conversational acknowledgment.
Revision probability: unavailable (no calibrated alpha model).
