guide.mdx:12:5: error [filler.announced-importance] State the fact without announcing its importance.
guide.mdx:16:44: error [scaffold.chat-preamble] Start with the subject instead of a conversational acknowledgment.
guide.mdx:18:7: error [filler.announced-importance] State the fact without announcing its importance.
FAIL: 2 documents, 3 findings; analysis complete.
  gate: guide.mdx: State the fact without announcing its importance.
  gate: guide.mdx: Start with the subject instead of a conversational acknowledgment.
  gate: guide.mdx: State the fact without announcing its importance.
Revision probability: unavailable (no calibrated alpha model).
