dashes.md:1:34: warning [format.em-dash-density] Em dashes exceed the selected local density; punctuation can be intentional.
  related: dashes.md:1:113
  related: dashes.md:1:192
  related: dashes.md:1:271
insertions.md:1:13: warning [syntax.parenthetical-load] Review the load of balanced insertions; retain conditions, qualifications, and necessary definitions.
lists.md:3:3: warning [format.list-fragmentation] Several short lists fragment this section; check whether the grouping helps readers.
  related: lists.md:4:3
  related: lists.md:8:3
  related: lists.md:9:3
  related: lists.md:13:3
  related: lists.md:14:3
nominal.md:1:5: warning [syntax.nominalization-chain] Consider a direct verb while preserving the subject, conditions, and technical meaning.
nouns.md:1:6: warning [syntax.noun-stack] Review this common-noun sequence; keep established technical terms.
paragraph.md:1:2: warning [readability.long-paragraph] Consider paragraph boundaries while keeping each condition with the statement it qualifies.
  related: paragraph.md:1:310
  related: paragraph.md:1:618
  related: paragraph.md:1:926
passive.md:1:14: warning [syntax.passive-candidate-density] Several sentences contain be-plus-participle candidates; review voice only where the meaning allows it.
  related: passive.md:1:82
readability.md:1:2: warning [readability.grade-metric] The ARI formula exceeds the selected level; consider the audience and keep necessary technical terms.
  related: readability.md:1:172
  related: readability.md:1:342
  related: readability.md:1:512
FAIL: 8 documents, 8 findings; analysis complete.
  gate: dashes.md: Em dashes exceed the selected local density; punctuation can be intentional.
  gate: insertions.md: Review the load of balanced insertions; retain conditions, qualifications, and necessary definitions.
  gate: lists.md: Several short lists fragment this section; check whether the grouping helps readers.
  gate: nominal.md: Consider a direct verb while preserving the subject, conditions, and technical meaning.
  gate: nouns.md: Review this common-noun sequence; keep established technical terms.
  gate: paragraph.md: Consider paragraph boundaries while keeping each condition with the statement it qualifies.
  gate: passive.md: Several sentences contain be-plus-participle candidates; review voice only where the meaning allows it.
  gate: readability.md: The ARI formula exceeds the selected level; consider the audience and keep necessary technical terms.
Revision probability: unavailable (no calibrated alpha model).
Configuration: 409780221a7526d9907a4beeb665788b86273701bc8e2d59520bc05c4a2dc1f6 (unswell-config-bundle-v1).
