guide.md:5:39: note [filler.document-metadiscourse] This clause describes the page as a metaphorical map; introduce its subject directly.
guide.md:10:1: note [syntax.repeated-reframing] Repeated denial and redefinition: review whether both clauses add information.
  related: guide.md:10:43
  related: guide.md:11:1
  related: guide.md:11:36
guide.md:15:1: warning [filler.evaluative-closure] This contrast recasts the behavior as an abstract judgment; state the concrete constraint directly.
guide.md:19:3: warning [filler.evaluative-closure] This sentence presents an abstract identity; state the concrete behavior it explains.
PASS: 1 documents, 4 findings; analysis complete.
Revision probability: unavailable (no calibrated alpha model).
