guide.md:9:7: error [policy.banned-phrases] Remove a phrase forbidden by this editorial policy. [suppressed]
guide.md:11:114: error [policy.banned-phrases] Remove a phrase forbidden by this editorial policy. [suppressed]
guide.md:13:5: error [policy.banned-phrases] Remove a phrase forbidden by this editorial policy.
FAIL: 1 documents, 3 findings; analysis complete.
  gate: guide.md: Remove a phrase forbidden by this editorial policy.
Suppression used: guide.md:7:1 [disable-next-block] Required contract wording. (matches: 1).
Suppression used: guide.md:11:19 [disable-next-sentence] Required contract wording. (matches: 1).
guide.md paragraph 4: raw index 20; effective index 0.
guide.md sentence 4: raw index 20; effective index 0.
guide.md paragraph 5: raw index 20; effective index 0.
guide.md sentence 6: raw index 20; effective index 0.
Revision probability: unavailable (no calibrated alpha model).
