heading.md:3:1: warning [repetition.heading-echo] The first paragraph closely echoes its heading; check whether it adds information.
  related: heading.md:1:4
lists.md:3:3: warning [format.list-fragmentation] Several short lists fragment this section; check whether the grouping helps readers.
  related: lists.md:4:3
  related: lists.md:8:3
  related: lists.md:9:3
  related: lists.md:13:3
  related: lists.md:14:3
near.md:1:2: warning [repetition.near-sentence] These sentences have high lexical overlap; check for repeated information.
  related: near.md:3:1
ngrams.md:1:6: warning [repetition.ngram-density] This phrase recurs in a short prose window; check whether each use is needed.
  related: ngrams.md:3:5
  related: ngrams.md:5:7
overlap.md:1:2: warning [repetition.paragraph-overlap] These prose blocks have high lexical overlap; check for repeated information.
  related: overlap.md:3:1
sample.go:8:16: warning [repetition.near-sentence] These sentences have high lexical overlap; check for repeated information.
  related: sample.go:9:17
summary.md:5:1: warning [repetition.summary-echo] This summary has high lexical overlap with preceding prose; check what it adds.
  related: summary.md:1:2
templates.md:1:2: warning [repetition.syntax-template] Several sentences repeat a POS shape; check whether the structure serves the text.
  related: templates.md:2:1
  related: templates.md:3:1
FAIL: 8 documents, 8 findings; analysis complete.
  gate: heading.md: The first paragraph closely echoes its heading; check whether it adds information.
  gate: lists.md: Several short lists fragment this section; check whether the grouping helps readers.
  gate: near.md: These sentences have high lexical overlap; check for repeated information.
  gate: ngrams.md: This phrase recurs in a short prose window; check whether each use is needed.
  gate: overlap.md: These prose blocks have high lexical overlap; check for repeated information.
  gate: sample.go: These sentences have high lexical overlap; check for repeated information.
  gate: summary.md: This summary has high lexical overlap with preceding prose; check what it adds.
  gate: templates.md: Several sentences repeat a POS shape; check whether the structure serves the text.
Shared measurements: unswell-feature-collection-v1 / unswell-block-features-v1; analysis complete.
Rule activations: unswell-rule-activations-v1; values are signals, not probabilities.
heading.md [block 0, heading] activation/format.list-fragmentation: unavailable (disabled) ratio
heading.md [block 0, heading] activation/repetition.heading-echo: 1 ratio
heading.md [block 0, heading] activation/repetition.near-sentence: unavailable (disabled) ratio
heading.md [block 0, heading] activation/repetition.ngram-density: unavailable (disabled) ratio
heading.md [block 0, heading] activation/repetition.paragraph-overlap: unavailable (disabled) ratio
heading.md [block 0, heading] activation/repetition.summary-echo: unavailable (disabled) ratio
heading.md [block 0, heading] activation/repetition.syntax-template: unavailable (disabled) ratio
heading.md [block 1, paragraph] activation/format.list-fragmentation: unavailable (disabled) ratio
heading.md [block 1, paragraph] activation/repetition.heading-echo: 1 ratio
heading.md [block 1, paragraph] activation/repetition.near-sentence: unavailable (disabled) ratio
heading.md [block 1, paragraph] activation/repetition.ngram-density: unavailable (disabled) ratio
heading.md [block 1, paragraph] activation/repetition.paragraph-overlap: unavailable (disabled) ratio
heading.md [block 1, paragraph] activation/repetition.summary-echo: unavailable (disabled) ratio
heading.md [block 1, paragraph] activation/repetition.syntax-template: unavailable (disabled) ratio
heading.md [block 2, heading] activation/format.list-fragmentation: unavailable (disabled) ratio
heading.md [block 2, heading] activation/repetition.heading-echo: unavailable (inapplicable/insufficient_words) ratio
heading.md [block 2, heading] activation/repetition.near-sentence: unavailable (disabled) ratio
heading.md [block 2, heading] activation/repetition.ngram-density: unavailable (disabled) ratio
heading.md [block 2, heading] activation/repetition.paragraph-overlap: unavailable (disabled) ratio
heading.md [block 2, heading] activation/repetition.summary-echo: unavailable (disabled) ratio
heading.md [block 2, heading] activation/repetition.syntax-template: unavailable (disabled) ratio
heading.md [block 3, paragraph] activation/format.list-fragmentation: unavailable (disabled) ratio
heading.md [block 3, paragraph] activation/repetition.heading-echo: unavailable (inapplicable/no_eligible_pair) ratio
heading.md [block 3, paragraph] activation/repetition.near-sentence: unavailable (disabled) ratio
heading.md [block 3, paragraph] activation/repetition.ngram-density: unavailable (disabled) ratio
heading.md [block 3, paragraph] activation/repetition.paragraph-overlap: unavailable (disabled) ratio
heading.md [block 3, paragraph] activation/repetition.summary-echo: unavailable (disabled) ratio
heading.md [block 3, paragraph] activation/repetition.syntax-template: unavailable (disabled) ratio
heading.md [block 4, heading] activation/format.list-fragmentation: unavailable (disabled) ratio
heading.md [block 4, heading] activation/repetition.heading-echo: unavailable (inapplicable/no_eligible_pair) ratio
heading.md [block 4, heading] activation/repetition.near-sentence: unavailable (disabled) ratio
heading.md [block 4, heading] activation/repetition.ngram-density: unavailable (disabled) ratio
heading.md [block 4, heading] activation/repetition.paragraph-overlap: unavailable (disabled) ratio
heading.md [block 4, heading] activation/repetition.summary-echo: unavailable (disabled) ratio
heading.md [block 4, heading] activation/repetition.syntax-template: unavailable (disabled) ratio
heading.md [block 5, paragraph] activation/format.list-fragmentation: unavailable (disabled) ratio
heading.md [block 5, paragraph] activation/repetition.heading-echo: unavailable (inapplicable/no_eligible_pair) ratio
heading.md [block 5, paragraph] activation/repetition.near-sentence: unavailable (disabled) ratio
heading.md [block 5, paragraph] activation/repetition.ngram-density: unavailable (disabled) ratio
heading.md [block 5, paragraph] activation/repetition.paragraph-overlap: unavailable (disabled) ratio
heading.md [block 5, paragraph] activation/repetition.summary-echo: unavailable (disabled) ratio
heading.md [block 5, paragraph] activation/repetition.syntax-template: unavailable (disabled) ratio
lists.md [block 0, paragraph] activation/format.list-fragmentation: unavailable (inapplicable/unsupported_unit) ratio
lists.md [block 0, paragraph] activation/repetition.heading-echo: unavailable (disabled) ratio
lists.md [block 0, paragraph] activation/repetition.near-sentence: unavailable (disabled) ratio
lists.md [block 0, paragraph] activation/repetition.ngram-density: unavailable (disabled) ratio
lists.md [block 0, paragraph] activation/repetition.paragraph-overlap: unavailable (disabled) ratio
lists.md [block 0, paragraph] activation/repetition.summary-echo: unavailable (disabled) ratio
lists.md [block 0, paragraph] activation/repetition.syntax-template: unavailable (disabled) ratio
lists.md [block 1, list-item] activation/format.list-fragmentation: 0.333 ratio
lists.md [block 1, list-item] activation/repetition.heading-echo: unavailable (disabled) ratio
lists.md [block 1, list-item] activation/repetition.near-sentence: unavailable (disabled) ratio
lists.md [block 1, list-item] activation/repetition.ngram-density: unavailable (disabled) ratio
lists.md [block 1, list-item] activation/repetition.paragraph-overlap: unavailable (disabled) ratio
lists.md [block 1, list-item] activation/repetition.summary-echo: unavailable (disabled) ratio
lists.md [block 1, list-item] activation/repetition.syntax-template: unavailable (disabled) ratio
lists.md [block 2, list-item] activation/format.list-fragmentation: 0.333 ratio
lists.md [block 2, list-item] activation/repetition.heading-echo: unavailable (disabled) ratio
lists.md [block 2, list-item] activation/repetition.near-sentence: unavailable (disabled) ratio
lists.md [block 2, list-item] activation/repetition.ngram-density: unavailable (disabled) ratio
lists.md [block 2, list-item] activation/repetition.paragraph-overlap: unavailable (disabled) ratio
lists.md [block 2, list-item] activation/repetition.summary-echo: unavailable (disabled) ratio
lists.md [block 2, list-item] activation/repetition.syntax-template: unavailable (disabled) ratio
lists.md [block 3, paragraph] activation/format.list-fragmentation: unavailable (inapplicable/unsupported_unit) ratio
lists.md [block 3, paragraph] activation/repetition.heading-echo: unavailable (disabled) ratio
lists.md [block 3, paragraph] activation/repetition.near-sentence: unavailable (disabled) ratio
lists.md [block 3, paragraph] activation/repetition.ngram-density: unavailable (disabled) ratio
lists.md [block 3, paragraph] activation/repetition.paragraph-overlap: unavailable (disabled) ratio
lists.md [block 3, paragraph] activation/repetition.summary-echo: unavailable (disabled) ratio
lists.md [block 3, paragraph] activation/repetition.syntax-template: unavailable (disabled) ratio
lists.md [block 4, list-item] activation/format.list-fragmentation: 0.333 ratio
lists.md [block 4, list-item] activation/repetition.heading-echo: unavailable (disabled) ratio
lists.md [block 4, list-item] activation/repetition.near-sentence: unavailable (disabled) ratio
lists.md [block 4, list-item] activation/repetition.ngram-density: unavailable (disabled) ratio
lists.md [block 4, list-item] activation/repetition.paragraph-overlap: unavailable (disabled) ratio
lists.md [block 4, list-item] activation/repetition.summary-echo: unavailable (disabled) ratio
lists.md [block 4, list-item] activation/repetition.syntax-template: unavailable (disabled) ratio
lists.md [block 5, list-item] activation/format.list-fragmentation: 0.333 ratio
lists.md [block 5, list-item] activation/repetition.heading-echo: unavailable (disabled) ratio
lists.md [block 5, list-item] activation/repetition.near-sentence: unavailable (disabled) ratio
lists.md [block 5, list-item] activation/repetition.ngram-density: unavailable (disabled) ratio
lists.md [block 5, list-item] activation/repetition.paragraph-overlap: unavailable (disabled) ratio
lists.md [block 5, list-item] activation/repetition.summary-echo: unavailable (disabled) ratio
lists.md [block 5, list-item] activation/repetition.syntax-template: unavailable (disabled) ratio
lists.md [block 6, paragraph] activation/format.list-fragmentation: unavailable (inapplicable/unsupported_unit) ratio
lists.md [block 6, paragraph] activation/repetition.heading-echo: unavailable (disabled) ratio
lists.md [block 6, paragraph] activation/repetition.near-sentence: unavailable (disabled) ratio
lists.md [block 6, paragraph] activation/repetition.ngram-density: unavailable (disabled) ratio
lists.md [block 6, paragraph] activation/repetition.paragraph-overlap: unavailable (disabled) ratio
lists.md [block 6, paragraph] activation/repetition.summary-echo: unavailable (disabled) ratio
lists.md [block 6, paragraph] activation/repetition.syntax-template: unavailable (disabled) ratio
lists.md [block 7, list-item] activation/format.list-fragmentation: 0.333 ratio
lists.md [block 7, list-item] activation/repetition.heading-echo: unavailable (disabled) ratio
lists.md [block 7, list-item] activation/repetition.near-sentence: unavailable (disabled) ratio
lists.md [block 7, list-item] activation/repetition.ngram-density: unavailable (disabled) ratio
lists.md [block 7, list-item] activation/repetition.paragraph-overlap: unavailable (disabled) ratio
lists.md [block 7, list-item] activation/repetition.summary-echo: unavailable (disabled) ratio
lists.md [block 7, list-item] activation/repetition.syntax-template: unavailable (disabled) ratio
lists.md [block 8, list-item] activation/format.list-fragmentation: 0.333 ratio
lists.md [block 8, list-item] activation/repetition.heading-echo: unavailable (disabled) ratio
lists.md [block 8, list-item] activation/repetition.near-sentence: unavailable (disabled) ratio
lists.md [block 8, list-item] activation/repetition.ngram-density: unavailable (disabled) ratio
lists.md [block 8, list-item] activation/repetition.paragraph-overlap: unavailable (disabled) ratio
lists.md [block 8, list-item] activation/repetition.summary-echo: unavailable (disabled) ratio
lists.md [block 8, list-item] activation/repetition.syntax-template: unavailable (disabled) ratio
lists.md [block 9, heading] activation/format.list-fragmentation: unavailable (inapplicable/unsupported_unit) ratio
lists.md [block 9, heading] activation/repetition.heading-echo: unavailable (disabled) ratio
lists.md [block 9, heading] activation/repetition.near-sentence: unavailable (disabled) ratio
lists.md [block 9, heading] activation/repetition.ngram-density: unavailable (disabled) ratio
lists.md [block 9, heading] activation/repetition.paragraph-overlap: unavailable (disabled) ratio
lists.md [block 9, heading] activation/repetition.summary-echo: unavailable (disabled) ratio
lists.md [block 9, heading] activation/repetition.syntax-template: unavailable (disabled) ratio
lists.md [block 10, list-item] activation/format.list-fragmentation: unavailable (inapplicable/no_eligible_list) ratio
lists.md [block 10, list-item] activation/repetition.heading-echo: unavailable (disabled) ratio
lists.md [block 10, list-item] activation/repetition.near-sentence: unavailable (disabled) ratio
lists.md [block 10, list-item] activation/repetition.ngram-density: unavailable (disabled) ratio
lists.md [block 10, list-item] activation/repetition.paragraph-overlap: unavailable (disabled) ratio
lists.md [block 10, list-item] activation/repetition.summary-echo: unavailable (disabled) ratio
lists.md [block 10, list-item] activation/repetition.syntax-template: unavailable (disabled) ratio
lists.md [block 11, list-item] activation/format.list-fragmentation: unavailable (inapplicable/no_eligible_list) ratio
lists.md [block 11, list-item] activation/repetition.heading-echo: unavailable (disabled) ratio
lists.md [block 11, list-item] activation/repetition.near-sentence: unavailable (disabled) ratio
lists.md [block 11, list-item] activation/repetition.ngram-density: unavailable (disabled) ratio
lists.md [block 11, list-item] activation/repetition.paragraph-overlap: unavailable (disabled) ratio
lists.md [block 11, list-item] activation/repetition.summary-echo: unavailable (disabled) ratio
lists.md [block 11, list-item] activation/repetition.syntax-template: unavailable (disabled) ratio
near.md [block 0, paragraph] activation/format.list-fragmentation: unavailable (disabled) ratio
near.md [block 0, paragraph] activation/repetition.heading-echo: unavailable (disabled) ratio
near.md [block 0, paragraph] activation/repetition.near-sentence: 1 ratio
near.md [block 0, paragraph] activation/repetition.ngram-density: unavailable (disabled) ratio
near.md [block 0, paragraph] activation/repetition.paragraph-overlap: unavailable (disabled) ratio
near.md [block 0, paragraph] activation/repetition.summary-echo: unavailable (disabled) ratio
near.md [block 0, paragraph] activation/repetition.syntax-template: unavailable (disabled) ratio
near.md [block 1, paragraph] activation/format.list-fragmentation: unavailable (disabled) ratio
near.md [block 1, paragraph] activation/repetition.heading-echo: unavailable (disabled) ratio
near.md [block 1, paragraph] activation/repetition.near-sentence: 1 ratio
near.md [block 1, paragraph] activation/repetition.ngram-density: unavailable (disabled) ratio
near.md [block 1, paragraph] activation/repetition.paragraph-overlap: unavailable (disabled) ratio
near.md [block 1, paragraph] activation/repetition.summary-echo: unavailable (disabled) ratio
near.md [block 1, paragraph] activation/repetition.syntax-template: unavailable (disabled) ratio
near.md [block 2, paragraph] activation/format.list-fragmentation: unavailable (disabled) ratio
near.md [block 2, paragraph] activation/repetition.heading-echo: unavailable (disabled) ratio
near.md [block 2, paragraph] activation/repetition.near-sentence: 0 ratio
near.md [block 2, paragraph] activation/repetition.ngram-density: unavailable (disabled) ratio
near.md [block 2, paragraph] activation/repetition.paragraph-overlap: unavailable (disabled) ratio
near.md [block 2, paragraph] activation/repetition.summary-echo: unavailable (disabled) ratio
near.md [block 2, paragraph] activation/repetition.syntax-template: unavailable (disabled) ratio
near.md [block 3, paragraph] activation/format.list-fragmentation: unavailable (disabled) ratio
near.md [block 3, paragraph] activation/repetition.heading-echo: unavailable (disabled) ratio
near.md [block 3, paragraph] activation/repetition.near-sentence: unavailable (inapplicable/insufficient_words) ratio
near.md [block 3, paragraph] activation/repetition.ngram-density: unavailable (disabled) ratio
near.md [block 3, paragraph] activation/repetition.paragraph-overlap: unavailable (disabled) ratio
near.md [block 3, paragraph] activation/repetition.summary-echo: unavailable (disabled) ratio
near.md [block 3, paragraph] activation/repetition.syntax-template: unavailable (disabled) ratio
near.md [block 4, paragraph] activation/format.list-fragmentation: unavailable (disabled) ratio
near.md [block 4, paragraph] activation/repetition.heading-echo: unavailable (disabled) ratio
near.md [block 4, paragraph] activation/repetition.near-sentence: unavailable (inapplicable/no_eligible_pair) ratio
near.md [block 4, paragraph] activation/repetition.ngram-density: unavailable (disabled) ratio
near.md [block 4, paragraph] activation/repetition.paragraph-overlap: unavailable (disabled) ratio
near.md [block 4, paragraph] activation/repetition.summary-echo: unavailable (disabled) ratio
near.md [block 4, paragraph] activation/repetition.syntax-template: unavailable (disabled) ratio
ngrams.md [block 0, paragraph] activation/format.list-fragmentation: unavailable (disabled) ratio
ngrams.md [block 0, paragraph] activation/repetition.heading-echo: unavailable (disabled) ratio
ngrams.md [block 0, paragraph] activation/repetition.near-sentence: unavailable (disabled) ratio
ngrams.md [block 0, paragraph] activation/repetition.ngram-density: 0.333 ratio
ngrams.md [block 0, paragraph] activation/repetition.paragraph-overlap: unavailable (disabled) ratio
ngrams.md [block 0, paragraph] activation/repetition.summary-echo: unavailable (disabled) ratio
ngrams.md [block 0, paragraph] activation/repetition.syntax-template: unavailable (disabled) ratio
ngrams.md [block 1, paragraph] activation/format.list-fragmentation: unavailable (disabled) ratio
ngrams.md [block 1, paragraph] activation/repetition.heading-echo: unavailable (disabled) ratio
ngrams.md [block 1, paragraph] activation/repetition.near-sentence: unavailable (disabled) ratio
ngrams.md [block 1, paragraph] activation/repetition.ngram-density: 0.333 ratio
ngrams.md [block 1, paragraph] activation/repetition.paragraph-overlap: unavailable (disabled) ratio
ngrams.md [block 1, paragraph] activation/repetition.summary-echo: unavailable (disabled) ratio
ngrams.md [block 1, paragraph] activation/repetition.syntax-template: unavailable (disabled) ratio
ngrams.md [block 2, paragraph] activation/format.list-fragmentation: unavailable (disabled) ratio
ngrams.md [block 2, paragraph] activation/repetition.heading-echo: unavailable (disabled) ratio
ngrams.md [block 2, paragraph] activation/repetition.near-sentence: unavailable (disabled) ratio
ngrams.md [block 2, paragraph] activation/repetition.ngram-density: 0.333 ratio
ngrams.md [block 2, paragraph] activation/repetition.paragraph-overlap: unavailable (disabled) ratio
ngrams.md [block 2, paragraph] activation/repetition.summary-echo: unavailable (disabled) ratio
ngrams.md [block 2, paragraph] activation/repetition.syntax-template: unavailable (disabled) ratio
ngrams.md [block 3, paragraph] activation/format.list-fragmentation: unavailable (disabled) ratio
ngrams.md [block 3, paragraph] activation/repetition.heading-echo: unavailable (disabled) ratio
ngrams.md [block 3, paragraph] activation/repetition.near-sentence: unavailable (disabled) ratio
ngrams.md [block 3, paragraph] activation/repetition.ngram-density: 0 ratio
ngrams.md [block 3, paragraph] activation/repetition.paragraph-overlap: unavailable (disabled) ratio
ngrams.md [block 3, paragraph] activation/repetition.summary-echo: unavailable (disabled) ratio
ngrams.md [block 3, paragraph] activation/repetition.syntax-template: unavailable (disabled) ratio
ngrams.md [block 4, paragraph] activation/format.list-fragmentation: unavailable (disabled) ratio
ngrams.md [block 4, paragraph] activation/repetition.heading-echo: unavailable (disabled) ratio
ngrams.md [block 4, paragraph] activation/repetition.near-sentence: unavailable (disabled) ratio
ngrams.md [block 4, paragraph] activation/repetition.ngram-density: unavailable (inapplicable/no_eligible_tokens) ratio
ngrams.md [block 4, paragraph] activation/repetition.paragraph-overlap: unavailable (disabled) ratio
ngrams.md [block 4, paragraph] activation/repetition.summary-echo: unavailable (disabled) ratio
ngrams.md [block 4, paragraph] activation/repetition.syntax-template: unavailable (disabled) ratio
ngrams.md [block 5, paragraph] activation/format.list-fragmentation: unavailable (disabled) ratio
ngrams.md [block 5, paragraph] activation/repetition.heading-echo: unavailable (disabled) ratio
ngrams.md [block 5, paragraph] activation/repetition.near-sentence: unavailable (disabled) ratio
ngrams.md [block 5, paragraph] activation/repetition.ngram-density: unavailable (inapplicable/insufficient_words) ratio
ngrams.md [block 5, paragraph] activation/repetition.paragraph-overlap: unavailable (disabled) ratio
ngrams.md [block 5, paragraph] activation/repetition.summary-echo: unavailable (disabled) ratio
ngrams.md [block 5, paragraph] activation/repetition.syntax-template: unavailable (disabled) ratio
overlap.md [block 0, paragraph] activation/format.list-fragmentation: unavailable (disabled) ratio
overlap.md [block 0, paragraph] activation/repetition.heading-echo: unavailable (disabled) ratio
overlap.md [block 0, paragraph] activation/repetition.near-sentence: unavailable (disabled) ratio
overlap.md [block 0, paragraph] activation/repetition.ngram-density: unavailable (disabled) ratio
overlap.md [block 0, paragraph] activation/repetition.paragraph-overlap: 0.333 ratio
overlap.md [block 0, paragraph] activation/repetition.summary-echo: unavailable (disabled) ratio
overlap.md [block 0, paragraph] activation/repetition.syntax-template: unavailable (disabled) ratio
overlap.md [block 1, paragraph] activation/format.list-fragmentation: unavailable (disabled) ratio
overlap.md [block 1, paragraph] activation/repetition.heading-echo: unavailable (disabled) ratio
overlap.md [block 1, paragraph] activation/repetition.near-sentence: unavailable (disabled) ratio
overlap.md [block 1, paragraph] activation/repetition.ngram-density: unavailable (disabled) ratio
overlap.md [block 1, paragraph] activation/repetition.paragraph-overlap: 0.333 ratio
overlap.md [block 1, paragraph] activation/repetition.summary-echo: unavailable (disabled) ratio
overlap.md [block 1, paragraph] activation/repetition.syntax-template: unavailable (disabled) ratio
overlap.md [block 2, paragraph] activation/format.list-fragmentation: unavailable (disabled) ratio
overlap.md [block 2, paragraph] activation/repetition.heading-echo: unavailable (disabled) ratio
overlap.md [block 2, paragraph] activation/repetition.near-sentence: unavailable (disabled) ratio
overlap.md [block 2, paragraph] activation/repetition.ngram-density: unavailable (disabled) ratio
overlap.md [block 2, paragraph] activation/repetition.paragraph-overlap: 0 ratio
overlap.md [block 2, paragraph] activation/repetition.summary-echo: unavailable (disabled) ratio
overlap.md [block 2, paragraph] activation/repetition.syntax-template: unavailable (disabled) ratio
overlap.md [block 3, paragraph] activation/format.list-fragmentation: unavailable (disabled) ratio
overlap.md [block 3, paragraph] activation/repetition.heading-echo: unavailable (disabled) ratio
overlap.md [block 3, paragraph] activation/repetition.near-sentence: unavailable (disabled) ratio
overlap.md [block 3, paragraph] activation/repetition.ngram-density: unavailable (disabled) ratio
overlap.md [block 3, paragraph] activation/repetition.paragraph-overlap: unavailable (inapplicable/no_eligible_tokens) ratio
overlap.md [block 3, paragraph] activation/repetition.summary-echo: unavailable (disabled) ratio
overlap.md [block 3, paragraph] activation/repetition.syntax-template: unavailable (disabled) ratio
sample.go [block 0, comment] activation/format.list-fragmentation: unavailable (disabled) ratio
sample.go [block 0, comment] activation/repetition.heading-echo: unavailable (disabled) ratio
sample.go [block 0, comment] activation/repetition.near-sentence: 0 ratio
sample.go [block 0, comment] activation/repetition.ngram-density: unavailable (disabled) ratio
sample.go [block 0, comment] activation/repetition.paragraph-overlap: unavailable (disabled) ratio
sample.go [block 0, comment] activation/repetition.summary-echo: unavailable (disabled) ratio
sample.go [block 0, comment] activation/repetition.syntax-template: unavailable (disabled) ratio
sample.go [block 1, string] activation/format.list-fragmentation: unavailable (disabled) ratio
sample.go [block 1, string] activation/repetition.heading-echo: unavailable (disabled) ratio
sample.go [block 1, string] activation/repetition.near-sentence: 0 ratio
sample.go [block 1, string] activation/repetition.ngram-density: unavailable (disabled) ratio
sample.go [block 1, string] activation/repetition.paragraph-overlap: unavailable (disabled) ratio
sample.go [block 1, string] activation/repetition.summary-echo: unavailable (disabled) ratio
sample.go [block 1, string] activation/repetition.syntax-template: unavailable (disabled) ratio
sample.go [block 2, string] activation/format.list-fragmentation: unavailable (disabled) ratio
sample.go [block 2, string] activation/repetition.heading-echo: unavailable (disabled) ratio
sample.go [block 2, string] activation/repetition.near-sentence: 1 ratio
sample.go [block 2, string] activation/repetition.ngram-density: unavailable (disabled) ratio
sample.go [block 2, string] activation/repetition.paragraph-overlap: unavailable (disabled) ratio
sample.go [block 2, string] activation/repetition.summary-echo: unavailable (disabled) ratio
sample.go [block 2, string] activation/repetition.syntax-template: unavailable (disabled) ratio
sample.go [block 3, string] activation/format.list-fragmentation: unavailable (disabled) ratio
sample.go [block 3, string] activation/repetition.heading-echo: unavailable (disabled) ratio
sample.go [block 3, string] activation/repetition.near-sentence: 1 ratio
sample.go [block 3, string] activation/repetition.ngram-density: unavailable (disabled) ratio
sample.go [block 3, string] activation/repetition.paragraph-overlap: unavailable (disabled) ratio
sample.go [block 3, string] activation/repetition.summary-echo: unavailable (disabled) ratio
sample.go [block 3, string] activation/repetition.syntax-template: unavailable (disabled) ratio
sample.go [block 4, string] activation/format.list-fragmentation: unavailable (disabled) ratio
sample.go [block 4, string] activation/repetition.heading-echo: unavailable (disabled) ratio
sample.go [block 4, string] activation/repetition.near-sentence: unavailable (inapplicable/insufficient_words) ratio
sample.go [block 4, string] activation/repetition.ngram-density: unavailable (disabled) ratio
sample.go [block 4, string] activation/repetition.paragraph-overlap: unavailable (disabled) ratio
sample.go [block 4, string] activation/repetition.summary-echo: unavailable (disabled) ratio
sample.go [block 4, string] activation/repetition.syntax-template: unavailable (disabled) ratio
summary.md [block 0, paragraph] activation/format.list-fragmentation: unavailable (disabled) ratio
summary.md [block 0, paragraph] activation/repetition.heading-echo: unavailable (disabled) ratio
summary.md [block 0, paragraph] activation/repetition.near-sentence: unavailable (disabled) ratio
summary.md [block 0, paragraph] activation/repetition.ngram-density: unavailable (disabled) ratio
summary.md [block 0, paragraph] activation/repetition.paragraph-overlap: unavailable (disabled) ratio
summary.md [block 0, paragraph] activation/repetition.summary-echo: 0.333 ratio
summary.md [block 0, paragraph] activation/repetition.syntax-template: unavailable (disabled) ratio
summary.md [block 1, heading] activation/format.list-fragmentation: unavailable (disabled) ratio
summary.md [block 1, heading] activation/repetition.heading-echo: unavailable (disabled) ratio
summary.md [block 1, heading] activation/repetition.near-sentence: unavailable (disabled) ratio
summary.md [block 1, heading] activation/repetition.ngram-density: unavailable (disabled) ratio
summary.md [block 1, heading] activation/repetition.paragraph-overlap: unavailable (disabled) ratio
summary.md [block 1, heading] activation/repetition.summary-echo: unavailable (inapplicable/unsupported_unit) ratio
summary.md [block 1, heading] activation/repetition.syntax-template: unavailable (disabled) ratio
summary.md [block 2, paragraph] activation/format.list-fragmentation: unavailable (disabled) ratio
summary.md [block 2, paragraph] activation/repetition.heading-echo: unavailable (disabled) ratio
summary.md [block 2, paragraph] activation/repetition.near-sentence: unavailable (disabled) ratio
summary.md [block 2, paragraph] activation/repetition.ngram-density: unavailable (disabled) ratio
summary.md [block 2, paragraph] activation/repetition.paragraph-overlap: unavailable (disabled) ratio
summary.md [block 2, paragraph] activation/repetition.summary-echo: 0.333 ratio
summary.md [block 2, paragraph] activation/repetition.syntax-template: unavailable (disabled) ratio
summary.md [block 3, paragraph] activation/format.list-fragmentation: unavailable (disabled) ratio
summary.md [block 3, paragraph] activation/repetition.heading-echo: unavailable (disabled) ratio
summary.md [block 3, paragraph] activation/repetition.near-sentence: unavailable (disabled) ratio
summary.md [block 3, paragraph] activation/repetition.ngram-density: unavailable (disabled) ratio
summary.md [block 3, paragraph] activation/repetition.paragraph-overlap: unavailable (disabled) ratio
summary.md [block 3, paragraph] activation/repetition.summary-echo: 0 ratio
summary.md [block 3, paragraph] activation/repetition.syntax-template: unavailable (disabled) ratio
summary.md [block 4, heading] activation/format.list-fragmentation: unavailable (disabled) ratio
summary.md [block 4, heading] activation/repetition.heading-echo: unavailable (disabled) ratio
summary.md [block 4, heading] activation/repetition.near-sentence: unavailable (disabled) ratio
summary.md [block 4, heading] activation/repetition.ngram-density: unavailable (disabled) ratio
summary.md [block 4, heading] activation/repetition.paragraph-overlap: unavailable (disabled) ratio
summary.md [block 4, heading] activation/repetition.summary-echo: unavailable (inapplicable/unsupported_unit) ratio
summary.md [block 4, heading] activation/repetition.syntax-template: unavailable (disabled) ratio
summary.md [block 5, paragraph] activation/format.list-fragmentation: unavailable (disabled) ratio
summary.md [block 5, paragraph] activation/repetition.heading-echo: unavailable (disabled) ratio
summary.md [block 5, paragraph] activation/repetition.near-sentence: unavailable (disabled) ratio
summary.md [block 5, paragraph] activation/repetition.ngram-density: unavailable (disabled) ratio
summary.md [block 5, paragraph] activation/repetition.paragraph-overlap: unavailable (disabled) ratio
summary.md [block 5, paragraph] activation/repetition.summary-echo: unavailable (inapplicable/insufficient_words) ratio
summary.md [block 5, paragraph] activation/repetition.syntax-template: unavailable (disabled) ratio
templates.md [block 0, paragraph] activation/format.list-fragmentation: unavailable (disabled) ratio
templates.md [block 0, paragraph] activation/repetition.heading-echo: unavailable (disabled) ratio
templates.md [block 0, paragraph] activation/repetition.near-sentence: unavailable (disabled) ratio
templates.md [block 0, paragraph] activation/repetition.ngram-density: unavailable (disabled) ratio
templates.md [block 0, paragraph] activation/repetition.paragraph-overlap: unavailable (disabled) ratio
templates.md [block 0, paragraph] activation/repetition.summary-echo: unavailable (disabled) ratio
templates.md [block 0, paragraph] activation/repetition.syntax-template: 0.333 ratio
templates.md [block 1, paragraph] activation/format.list-fragmentation: unavailable (disabled) ratio
templates.md [block 1, paragraph] activation/repetition.heading-echo: unavailable (disabled) ratio
templates.md [block 1, paragraph] activation/repetition.near-sentence: unavailable (disabled) ratio
templates.md [block 1, paragraph] activation/repetition.ngram-density: unavailable (disabled) ratio
templates.md [block 1, paragraph] activation/repetition.paragraph-overlap: unavailable (disabled) ratio
templates.md [block 1, paragraph] activation/repetition.summary-echo: unavailable (disabled) ratio
templates.md [block 1, paragraph] activation/repetition.syntax-template: unavailable (inapplicable/no_eligible_tokens) ratio
templates.md [block 2, paragraph] activation/format.list-fragmentation: unavailable (disabled) ratio
templates.md [block 2, paragraph] activation/repetition.heading-echo: unavailable (disabled) ratio
templates.md [block 2, paragraph] activation/repetition.near-sentence: unavailable (disabled) ratio
templates.md [block 2, paragraph] activation/repetition.ngram-density: unavailable (disabled) ratio
templates.md [block 2, paragraph] activation/repetition.paragraph-overlap: unavailable (disabled) ratio
templates.md [block 2, paragraph] activation/repetition.summary-echo: unavailable (disabled) ratio
templates.md [block 2, paragraph] activation/repetition.syntax-template: unavailable (inapplicable/insufficient_words) ratio
Revision probability: unavailable (no calibrated alpha model).
Configuration: d2c064bbc3097010fc5c9a0c19fdc37921b163d2e04eb400071828d84e8ff0f5 (unswell-config-bundle-v1).
