docs/guide.md:3:27: warning [policy.banned-phrases] Remove a phrase forbidden by this editorial policy.
FAIL: 2 documents, 1 findings; analysis complete.
  gate: docs/guide.md: Remove a phrase forbidden by this editorial policy.
Revision probability: unavailable (no calibrated alpha model).
Configuration: 054b5fb9e2dac71bf93adfd18e1c4a2658a1140087963cf08df4475e8cb251ac (unswell-config-bundle-v1).
