docs/guide.md:3:27: warning [policy.banned-phrases] Remove a phrase forbidden by this editorial policy.
FAIL: 2 documents, 1 findings; analysis complete.
  gate: docs/guide.md: Remove a phrase forbidden by this editorial policy.
Revision probability: unavailable (no calibrated alpha model).
Configuration: 9e182cd49816583b13392b4106b41eaf940c36e695248b9e0ed14d0522ffda25 (unswell-config-bundle-v1).
