docs/guide.md:3:27: warning [policy.banned-phrases] Remove a phrase forbidden by this editorial policy.
FAIL: 2 documents, 1 findings; analysis complete.
  gate: docs/guide.md: Remove a phrase forbidden by this editorial policy.
Revision probability: unavailable (no calibrated alpha model).
Configuration: 18675fe3b8e6f9f3b4ab438b0bca78aea184422cd5e1b23605b04fc7d5f0f7f3 (unswell-config-bundle-v1).
