sample.md:8:7: error [filler.announced-importance] State the fact without announcing its importance.
sample.md:12:10: error [scaffold.chat-preamble] Start with the subject instead of a conversational acknowledgment.
sample.md:15:1: error [filler.announced-importance] State the fact without announcing its importance.
sample.md:20:3: error [scaffold.chat-preamble] Start with the subject instead of a conversational acknowledgment.
FAIL: 1 documents, 4 findings; analysis complete.
  gate: sample.md: State the fact without announcing its importance.
  gate: sample.md: Start with the subject instead of a conversational acknowledgment.
  gate: sample.md: State the fact without announcing its importance.
  gate: sample.md: Start with the subject instead of a conversational acknowledgment.
Revision probability: unavailable (no calibrated alpha model).
