guide.md:5:9: warning [filler.section-announcement] Replace repeated section announcements with their subject.
  related: guide.md:9:1
guide.md:13:1: warning [filler.empty-transition] Check whether these repeated opening transitions add information.
  related: guide.md:13:42
guide.md:17:11: warning [hype.vague-praise] Replace general praise with a specific property or measured result.
guide.md:21:22: warning [hype.metaphor-cluster] Replace clustered stock metaphors with specific properties.
  related: guide.md:21:62
guide.md:25:13: warning [hype.absolute-claim] Check whether this guarantee has conditions or exceptions.
guide.md:29:5: warning [filler.weak-intensifiers] Check whether these intensifiers add a measurable distinction.
  related: guide.md:29:36
  related: guide.md:29:75
guide.md:33:12: warning [filler.stacked-hedging] Check whether each hedge expresses a distinct uncertainty; retain needed qualifications.
  related: guide.md:33:16
  related: guide.md:33:25
guide.md:37:1: warning [syntax.paired-contrast-density] Check whether repeated paired contrasts carry distinct information.
  related: guide.md:37:24
  related: guide.md:37:44
  related: guide.md:37:67
guide.md:41:3: warning [syntax.triad-density] Check repeated triads of evaluative modifiers against specific properties.
  related: guide.md:41:53
guide.md:41:77: warning [hype.vague-praise] Replace general praise with a specific property or measured result.
guide.md:45:1: warning [syntax.whether-preface-density] Reduce repeated whether-you prefaces while preserving alternatives.
  related: guide.md:45:58
guide.md:49:1: warning [syntax.rhetorical-question-density] Check repeated question-and-short-answer transitions.
  related: guide.md:49:13
  related: guide.md:49:34
  related: guide.md:49:47
guide.md:53:4: warning [syntax.not-only-density] Repeated paired contrasts make this passage formulaic.
  related: guide.md:53:39
FAIL: 2 documents, 13 findings; analysis complete.
  gate: guide.md: Replace repeated section announcements with their subject.
  gate: guide.md: Check whether these repeated opening transitions add information.
  gate: guide.md: Replace general praise with a specific property or measured result.
  gate: guide.md: Replace clustered stock metaphors with specific properties.
  gate: guide.md: Check whether this guarantee has conditions or exceptions.
  gate: guide.md: Check whether these intensifiers add a measurable distinction.
  gate: guide.md: Check whether each hedge expresses a distinct uncertainty; retain needed qualifications.
  gate: guide.md: Check whether repeated paired contrasts carry distinct information.
  gate: guide.md: Check repeated triads of evaluative modifiers against specific properties.
  gate: guide.md: Replace general praise with a specific property or measured result.
  gate: guide.md: Reduce repeated whether-you prefaces while preserving alternatives.
  gate: guide.md: Check repeated question-and-short-answer transitions.
  gate: guide.md: Repeated paired contrasts make this passage formulaic.
Revision probability: unavailable (no calibrated alpha model).
Configuration: afab608a16e2e16f9f846748ad961fe7f3f6648f161408845e21b8b8e51725f4 (unswell-config-bundle-v1).
