guide.md:5:9: warning [filler.section-announcement] Replace repeated section announcements with their subject.
  related: guide.md:5:54
guide.md:9:1: warning [filler.empty-transition] Check whether these repeated opening transitions add information.
  related: guide.md:9:42
guide.md:13:11: warning [hype.vague-praise] Replace general praise with a specific property or measured result.
guide.md:17:22: warning [hype.metaphor-cluster] Replace clustered stock metaphors with specific properties.
  related: guide.md:17:62
guide.md:21:13: warning [hype.absolute-claim] Check whether this guarantee has conditions or exceptions.
guide.md:25:5: warning [filler.weak-intensifiers] Check whether these intensifiers add a measurable distinction.
  related: guide.md:25:36
  related: guide.md:25:75
guide.md:29:12: warning [filler.stacked-hedging] Check whether each hedge expresses a distinct uncertainty; retain needed qualifications.
  related: guide.md:29:16
  related: guide.md:29:25
guide.md:33:1: warning [syntax.paired-contrast-density] Check whether repeated paired contrasts carry distinct information.
  related: guide.md:33:24
  related: guide.md:33:44
  related: guide.md:33:67
guide.md:37:3: warning [syntax.triad-density] Check repeated triads of evaluative modifiers against specific properties.
  related: guide.md:37:53
guide.md:37:77: warning [hype.vague-praise] Replace general praise with a specific property or measured result.
guide.md:41:1: warning [syntax.whether-preface-density] Reduce repeated whether-you prefaces while preserving alternatives.
  related: guide.md:41:58
guide.md:45:1: warning [syntax.rhetorical-question-density] Check repeated question-and-short-answer transitions.
  related: guide.md:45:13
  related: guide.md:45:34
  related: guide.md:45:47
guide.md:49:4: warning [syntax.not-only-density] Repeated paired contrasts make this passage formulaic.
  related: guide.md:49:39
FAIL: 2 documents, 13 findings; analysis complete.
  gate: guide.md: Replace repeated section announcements with their subject.
  gate: guide.md: Check whether these repeated opening transitions add information.
  gate: guide.md: Replace general praise with a specific property or measured result.
  gate: guide.md: Replace clustered stock metaphors with specific properties.
  gate: guide.md: Check whether this guarantee has conditions or exceptions.
  gate: guide.md: Check whether these intensifiers add a measurable distinction.
  gate: guide.md: Check whether each hedge expresses a distinct uncertainty; retain needed qualifications.
  gate: guide.md: Check whether repeated paired contrasts carry distinct information.
  gate: guide.md: Check repeated triads of evaluative modifiers against specific properties.
  gate: guide.md: Replace general praise with a specific property or measured result.
  gate: guide.md: Reduce repeated whether-you prefaces while preserving alternatives.
  gate: guide.md: Check repeated question-and-short-answer transitions.
  gate: guide.md: Repeated paired contrasts make this passage formulaic.
Revision probability: unavailable (no calibrated alpha model).
Configuration: 933499c55e3615efec8a09b53ee17391bd29c5ec101dfef379abcdfd3d375026 (unswell-config-bundle-v1).
