sample.cpp:1:4: error [filler.announced-importance] State the fact without announcing its importance.
sample.cpp:2:29: error [scaffold.chat-preamble] Start with the subject instead of a conversational acknowledgment.
FAIL: 1 documents, 2 findings; analysis complete.
  gate: sample.cpp: State the fact without announcing its importance.
  gate: sample.cpp: Start with the subject instead of a conversational acknowledgment.
Revision probability: unavailable (no calibrated alpha model).
