sample.go:3:4: error [company.no-dive-in] Start with the subject instead of announcing the explanation.
sample.go:4:18: error [company.no-dive-in] Start with the subject instead of announcing the explanation.
FAIL: 1 documents, 2 findings; analysis complete.
  gate: sample.go: Start with the subject instead of announcing the explanation.
  gate: sample.go: Start with the subject instead of announcing the explanation.
Revision probability: unavailable (no calibrated alpha model).
