adoption.md:3:35: note [syntax.paired-contrast-density] Check whether repeated paired contrasts carry distinct information.
  related: adoption.md:9:1
directory.md:1:26: note [syntax.paired-contrast-density] Check whether repeated paired contrasts carry distinct information.
  related: directory.md:4:1
registry.md:1:142: note [syntax.paired-contrast-density] Check whether repeated paired contrasts carry distinct information.
  related: registry.md:3:35
PASS: 4 documents, 3 findings; analysis complete.
Revision probability: unavailable (no calibrated alpha model).
