Sample.java:1:4: error [filler.announced-importance] State the fact without announcing its importance.
Sample.java:2:34: error [scaffold.chat-preamble] Start with the subject instead of a conversational acknowledgment.
FAIL: 1 documents, 2 findings; analysis complete.
  gate: Sample.java: State the fact without announcing its importance.
  gate: Sample.java: Start with the subject instead of a conversational acknowledgment.
Revision probability: unavailable (no calibrated alpha model).
