INCOMPLETE: 0 documents, 0 findings; analysis incomplete.
  error: sample.bash: parse bash: bash grammar returned an incomplete or invalid syntax tree
  error: : parse bash: bash grammar returned an incomplete or invalid syntax tree scan contains no applicable English prose
Revision probability: unavailable (no calibrated alpha model).
