INCOMPLETE: 0 documents, 0 findings; analysis incomplete.
  error: .github/workflows/check.yml: GitHub Actions bash run at byte 59: parse bash: bash grammar returned an incomplete or invalid syntax tree
  error: : GitHub Actions bash run at byte 59: parse bash: bash grammar returned an incomplete or invalid syntax tree scan contains no applicable English prose
Revision probability: unavailable (no calibrated alpha model).
