sample.go:2:4: error [filler.announced-importance] State the fact without announcing its importance.
sample.go:3:18: error [scaffold.chat-preamble] Start with the subject instead of a conversational acknowledgment.
ADVISORY: 1 documents, 2 findings; analysis complete.
  gate: sample.go: State the fact without announcing its importance.
  gate: sample.go: Start with the subject instead of a conversational acknowledgment.
Revision probability: unavailable (no calibrated alpha model).
