sample.go:2:4: error [scaffold.chat-preamble] Start with the subject instead of a conversational acknowledgment.
FAIL: 1 documents, 1 findings; analysis complete.
  gate: sample.go: Start with the subject instead of a conversational acknowledgment.
Revision probability: unavailable (no calibrated alpha model).
