guide.md:1:2: warning [filler.instruction-scaffolding] State the supported action directly; preserve its conditions and optionality.
  related: guide.md:1:48
guide.md:3:1: warning [filler.instruction-scaffolding] State the supported action directly; preserve its conditions and optionality.
guide.md:5:1: warning [repetition.redundant-predicate] The predicate repeats the relation already named by its subject.
sample.go:3:4: warning [filler.instruction-scaffolding] State the supported action directly; preserve its conditions and optionality.
sample.go:6:18: warning [repetition.redundant-predicate] The predicate repeats the relation already named by its subject.
FAIL: 2 documents, 5 findings; analysis complete.
  gate: guide.md: State the supported action directly; preserve its conditions and optionality.
  gate: guide.md: State the supported action directly; preserve its conditions and optionality.
  gate: guide.md: The predicate repeats the relation already named by its subject.
  gate: sample.go: State the supported action directly; preserve its conditions and optionality.
  gate: sample.go: The predicate repeats the relation already named by its subject.
Revision probability: unavailable (no calibrated alpha model).
