guide.md:7:66: warning [filler.evaluative-closure] This clause comments on verification; state the check and its result directly.
guide.md:11:1: warning [filler.evaluative-closure] This clause comments on verification; state the check and its result directly.
guide.md:15:1: warning [filler.evaluative-closure] This clause comments on verification; state the check and its result directly.
PASS: 1 documents, 3 findings; analysis complete.
Revision probability: unavailable (no calibrated alpha model).
