guide.md:1:5: error [policy.banned-phrases] Remove a phrase forbidden by this editorial policy. [suppressed]
guide.md:5:5: error [policy.banned-phrases] Remove a phrase forbidden by this editorial policy. [suppressed]
PASS: 1 documents, 2 findings; analysis complete.
Suppression used: guide.md:3:1 [disable-file] Required contract wording. (matches: 2).
guide.md paragraph 0: raw index 20; effective index 0.
guide.md sentence 0: raw index 20; effective index 0.
guide.md paragraph 1: raw index 20; effective index 0.
guide.md sentence 1: raw index 20; effective index 0.
Revision probability: unavailable (no calibrated alpha model).
