INCOMPLETE: 0 documents, 0 findings; analysis incomplete.
  error: sample.ts: parse typescript: typescript grammar returned an incomplete or invalid syntax tree
  error: view.tsx: parse tsx: tsx grammar returned an incomplete or invalid syntax tree
  error: : parse typescript: typescript grammar returned an incomplete or invalid syntax tree parse tsx: tsx grammar returned an incomplete or invalid syntax tree scan contains no applicable English prose
Revision probability: unavailable (no calibrated alpha model).
