sample.go:4:8: error [policy.banned-phrases] Remove a phrase forbidden by this editorial policy. [suppressed]
sample.go:7:8: error [policy.banned-phrases] Remove a phrase forbidden by this editorial policy. [suppressed]
PASS: 1 documents, 2 findings; analysis complete.
Suppression used: sample.go:3:1 [disable] Required contract wording. (matches: 2).
sample.go paragraph 0: raw index 20; effective index 0.
sample.go sentence 0: raw index 20; effective index 0.
sample.go paragraph 1: raw index 20; effective index 0.
sample.go sentence 1: raw index 20; effective index 0.
Revision probability: unavailable (no calibrated alpha model).
