draft.md:1:2: warning [filler.unnamed-numerical-choice] Name the choice instead of introducing a count of unnamed answers or options.
draft.md:5:1: warning [filler.unnamed-numerical-choice] Name the choice instead of introducing a count of unnamed answers or options.
PASS: 3 documents, 2 findings; analysis complete.
Revision probability: unavailable (no calibrated alpha model).
