sample.md:5:5: warning [hype.modifier-cluster] Replace the cluster of evaluative modifiers with specific properties.
sample.md:7:5: warning [syntax.noun-stack] Review this common-noun sequence; keep established technical terms.
sample.md:9:4: warning [syntax.nominalization-chain] Consider a direct verb while preserving the subject, conditions, and technical meaning.
sample.md:11:12: warning [syntax.parenthetical-load] Review the load of balanced insertions; retain conditions, qualifications, and necessary definitions.
sample.md:13:33: warning [format.em-dash-density] Em dashes exceed the selected local density; punctuation can be intentional.
  related: sample.md:13:106
  related: sample.md:13:179
  related: sample.md:13:252
sample.md:15:1: warning [density.connective-overuse] Remove repeated transitions where the connection is already clear.
  related: sample.md:15:96
sample.md:17:1: warning [syntax.long-sentence] Consider splitting this long sentence without losing its conditions.
PASS: 1 documents, 7 findings; analysis complete.
Shared measurements: unswell-feature-collection-v1 / unswell-block-features-v1; analysis complete.
Rule activations: unswell-rule-activations-v1; values are signals, not probabilities.
sample.md [block 0, heading] activation/density.connective-overuse: unavailable (inapplicable/insufficient_words) ratio
sample.md [block 0, heading] activation/format.em-dash-density: unavailable (inapplicable/unsupported_unit) ratio
sample.md [block 0, heading] activation/hype.modifier-cluster: 0 ratio
sample.md [block 0, heading] activation/syntax.long-sentence: 0 ratio
sample.md [block 0, heading] activation/syntax.nominalization-chain: unavailable (inapplicable/unsupported_unit) ratio
sample.md [block 0, heading] activation/syntax.noun-stack: unavailable (inapplicable/unsupported_unit) ratio
sample.md [block 0, heading] activation/syntax.parenthetical-load: unavailable (inapplicable/unsupported_unit) ratio
sample.md [block 1, paragraph] activation/density.connective-overuse: 0 ratio
sample.md [block 1, paragraph] activation/format.em-dash-density: 0 ratio
sample.md [block 1, paragraph] activation/hype.modifier-cluster: 0 ratio
sample.md [block 1, paragraph] activation/syntax.long-sentence: 0 ratio
sample.md [block 1, paragraph] activation/syntax.nominalization-chain: 0 ratio
sample.md [block 1, paragraph] activation/syntax.noun-stack: 0 ratio
sample.md [block 1, paragraph] activation/syntax.parenthetical-load: 0 ratio
sample.md [block 2, paragraph] activation/density.connective-overuse: unavailable (inapplicable/insufficient_words) ratio
sample.md [block 2, paragraph] activation/format.em-dash-density: unavailable (inapplicable/insufficient_words) ratio
sample.md [block 2, paragraph] activation/hype.modifier-cluster: 0.333 ratio
sample.md [block 2, paragraph] activation/syntax.long-sentence: 0 ratio
sample.md [block 2, paragraph] activation/syntax.nominalization-chain: 0 ratio
sample.md [block 2, paragraph] activation/syntax.noun-stack: 0 ratio
sample.md [block 2, paragraph] activation/syntax.parenthetical-load: unavailable (inapplicable/insufficient_words) ratio
sample.md [block 3, paragraph] activation/density.connective-overuse: unavailable (inapplicable/insufficient_words) ratio
sample.md [block 3, paragraph] activation/format.em-dash-density: unavailable (inapplicable/insufficient_words) ratio
sample.md [block 3, paragraph] activation/hype.modifier-cluster: 0 ratio
sample.md [block 3, paragraph] activation/syntax.long-sentence: 0 ratio
sample.md [block 3, paragraph] activation/syntax.nominalization-chain: 0 ratio
sample.md [block 3, paragraph] activation/syntax.noun-stack: 0.5 ratio
sample.md [block 3, paragraph] activation/syntax.parenthetical-load: unavailable (inapplicable/insufficient_words) ratio
sample.md [block 4, paragraph] activation/density.connective-overuse: unavailable (inapplicable/insufficient_words) ratio
sample.md [block 4, paragraph] activation/format.em-dash-density: unavailable (inapplicable/insufficient_words) ratio
sample.md [block 4, paragraph] activation/hype.modifier-cluster: 0 ratio
sample.md [block 4, paragraph] activation/syntax.long-sentence: 0 ratio
sample.md [block 4, paragraph] activation/syntax.nominalization-chain: 1 ratio
sample.md [block 4, paragraph] activation/syntax.noun-stack: 0 ratio
sample.md [block 4, paragraph] activation/syntax.parenthetical-load: unavailable (inapplicable/insufficient_words) ratio
sample.md [block 5, paragraph] activation/density.connective-overuse: unavailable (inapplicable/insufficient_words) ratio
sample.md [block 5, paragraph] activation/format.em-dash-density: unavailable (inapplicable/insufficient_words) ratio
sample.md [block 5, paragraph] activation/hype.modifier-cluster: 0 ratio
sample.md [block 5, paragraph] activation/syntax.long-sentence: 0 ratio
sample.md [block 5, paragraph] activation/syntax.nominalization-chain: 0 ratio
sample.md [block 5, paragraph] activation/syntax.noun-stack: 0 ratio
sample.md [block 5, paragraph] activation/syntax.parenthetical-load: 0.125 ratio
sample.md [block 6, paragraph] activation/density.connective-overuse: 0 ratio
sample.md [block 6, paragraph] activation/format.em-dash-density: 1 ratio
sample.md [block 6, paragraph] activation/hype.modifier-cluster: 0 ratio
sample.md [block 6, paragraph] activation/syntax.long-sentence: 0 ratio
sample.md [block 6, paragraph] activation/syntax.nominalization-chain: 0 ratio
sample.md [block 6, paragraph] activation/syntax.noun-stack: 0 ratio
sample.md [block 6, paragraph] activation/syntax.parenthetical-load: 0 ratio
sample.md [block 7, paragraph] activation/density.connective-overuse: 0.333 ratio
sample.md [block 7, paragraph] activation/format.em-dash-density: unavailable (inapplicable/insufficient_words) ratio
sample.md [block 7, paragraph] activation/hype.modifier-cluster: 0 ratio
sample.md [block 7, paragraph] activation/syntax.long-sentence: 0 ratio
sample.md [block 7, paragraph] activation/syntax.nominalization-chain: 0 ratio
sample.md [block 7, paragraph] activation/syntax.noun-stack: 0 ratio
sample.md [block 7, paragraph] activation/syntax.parenthetical-load: 0 ratio
sample.md [block 8, paragraph] activation/density.connective-overuse: 0 ratio
sample.md [block 8, paragraph] activation/format.em-dash-density: unavailable (inapplicable/insufficient_words) ratio
sample.md [block 8, paragraph] activation/hype.modifier-cluster: 0 ratio
sample.md [block 8, paragraph] activation/syntax.long-sentence: 0.1 ratio
sample.md [block 8, paragraph] activation/syntax.nominalization-chain: 0 ratio
sample.md [block 8, paragraph] activation/syntax.noun-stack: 0 ratio
sample.md [block 8, paragraph] activation/syntax.parenthetical-load: 0 ratio
sample.md [block 9, paragraph] activation/density.connective-overuse: unavailable (inapplicable/insufficient_words) ratio
sample.md [block 9, paragraph] activation/format.em-dash-density: unavailable (inapplicable/no_prose_words) ratio
sample.md [block 9, paragraph] activation/hype.modifier-cluster: unavailable (inapplicable/no_eligible_tokens) ratio
sample.md [block 9, paragraph] activation/syntax.long-sentence: unavailable (inapplicable/no_prose_words) ratio
sample.md [block 9, paragraph] activation/syntax.nominalization-chain: unavailable (inapplicable/no_eligible_tokens) ratio
sample.md [block 9, paragraph] activation/syntax.noun-stack: unavailable (inapplicable/no_eligible_tokens) ratio
sample.md [block 9, paragraph] activation/syntax.parenthetical-load: unavailable (inapplicable/no_prose_words) ratio
Revision probability: unavailable (no calibrated alpha model).
