sample.go:1:17: warning [hype.absolute-claim] Check whether this guarantee has conditions or exceptions.
sample.go:4:29: warning [filler.stacked-hedging] Check whether each hedge expresses a distinct uncertainty; retain needed qualifications.
  related: sample.go:4:33
  related: sample.go:4:42
sample.md:5:11: warning [hype.vague-praise] Replace general praise with a specific property or measured result.
sample.md:7:13: warning [hype.absolute-claim] Check whether this guarantee has conditions or exceptions.
sample.md:9:19: warning [hype.vague-praise] Replace general praise with a specific property or measured result.
sample.md:15:1: warning [filler.weak-intensifiers] Check whether these intensifiers add a measurable distinction.
sample.md:17:12: warning [filler.stacked-hedging] Check whether each hedge expresses a distinct uncertainty; retain needed qualifications.
  related: sample.md:17:16
  related: sample.md:17:25
PASS: 2 documents, 7 findings; analysis complete.
Shared measurements: unswell-feature-collection-v1 / unswell-block-features-v1; analysis complete.
Rule activations: unswell-rule-activations-v1; values are signals, not probabilities.
sample.go [block 0, comment] activation/filler.stacked-hedging: 0 ratio
sample.go [block 0, comment] activation/filler.weak-intensifiers: 0 ratio
sample.go [block 0, comment] activation/hype.absolute-claim: 1 ratio
sample.go [block 0, comment] activation/hype.vague-praise: 0 ratio
sample.go [block 1, string] activation/filler.stacked-hedging: 0.333 ratio
sample.go [block 1, string] activation/filler.weak-intensifiers: 0 ratio
sample.go [block 1, string] activation/hype.absolute-claim: unavailable (inapplicable/no_eligible_window) ratio
sample.go [block 1, string] activation/hype.vague-praise: unavailable (inapplicable/no_eligible_window) ratio
sample.md [block 0, heading] activation/filler.stacked-hedging: unavailable (inapplicable/unsupported_unit) ratio
sample.md [block 0, heading] activation/filler.weak-intensifiers: unavailable (inapplicable/unsupported_unit) ratio
sample.md [block 0, heading] activation/hype.absolute-claim: unavailable (inapplicable/unsupported_unit) ratio
sample.md [block 0, heading] activation/hype.vague-praise: unavailable (inapplicable/unsupported_unit) ratio
sample.md [block 1, paragraph] activation/filler.stacked-hedging: 0 ratio
sample.md [block 1, paragraph] activation/filler.weak-intensifiers: 0 ratio
sample.md [block 1, paragraph] activation/hype.absolute-claim: 0 ratio
sample.md [block 1, paragraph] activation/hype.vague-praise: 0 ratio
sample.md [block 2, paragraph] activation/filler.stacked-hedging: 0 ratio
sample.md [block 2, paragraph] activation/filler.weak-intensifiers: 0 ratio
sample.md [block 2, paragraph] activation/hype.absolute-claim: 0 ratio
sample.md [block 2, paragraph] activation/hype.vague-praise: 1 ratio
sample.md [block 3, paragraph] activation/filler.stacked-hedging: 0 ratio
sample.md [block 3, paragraph] activation/filler.weak-intensifiers: 0 ratio
sample.md [block 3, paragraph] activation/hype.absolute-claim: 1 ratio
sample.md [block 3, paragraph] activation/hype.vague-praise: 0 ratio
sample.md [block 4, paragraph] activation/filler.stacked-hedging: 0 ratio
sample.md [block 4, paragraph] activation/filler.weak-intensifiers: 0 ratio
sample.md [block 4, paragraph] activation/hype.absolute-claim: 0 ratio
sample.md [block 4, paragraph] activation/hype.vague-praise: 1 ratio
sample.md [block 5, paragraph] activation/filler.stacked-hedging: unavailable (inapplicable/no_eligible_tokens) ratio
sample.md [block 5, paragraph] activation/filler.weak-intensifiers: unavailable (inapplicable/no_prose_words) ratio
sample.md [block 5, paragraph] activation/hype.absolute-claim: unavailable (inapplicable/no_eligible_window) ratio
sample.md [block 5, paragraph] activation/hype.vague-praise: unavailable (inapplicable/no_eligible_window) ratio
sample.md [block 6, paragraph] activation/filler.stacked-hedging: 0 ratio
sample.md [block 6, paragraph] activation/filler.weak-intensifiers: 0 ratio
sample.md [block 6, paragraph] activation/hype.absolute-claim: unavailable (inapplicable/no_eligible_window) ratio
sample.md [block 6, paragraph] activation/hype.vague-praise: unavailable (inapplicable/no_eligible_window) ratio
sample.md [block 7, paragraph] activation/filler.stacked-hedging: 0 ratio
sample.md [block 7, paragraph] activation/filler.weak-intensifiers: 1 ratio
sample.md [block 7, paragraph] activation/hype.absolute-claim: 0 ratio
sample.md [block 7, paragraph] activation/hype.vague-praise: 0 ratio
sample.md [block 8, paragraph] activation/filler.stacked-hedging: 0.333 ratio
sample.md [block 8, paragraph] activation/filler.weak-intensifiers: 0 ratio
sample.md [block 8, paragraph] activation/hype.absolute-claim: unavailable (inapplicable/no_eligible_window) ratio
sample.md [block 8, paragraph] activation/hype.vague-praise: unavailable (inapplicable/no_eligible_window) ratio
sample.md [block 9, paragraph] activation/filler.stacked-hedging: 0 ratio
sample.md [block 9, paragraph] activation/filler.weak-intensifiers: 0 ratio
sample.md [block 9, paragraph] activation/hype.absolute-claim: unavailable (inapplicable/no_eligible_window) ratio
sample.md [block 9, paragraph] activation/hype.vague-praise: unavailable (inapplicable/no_eligible_window) ratio
sample.md [block 10, paragraph] activation/filler.stacked-hedging: unavailable (inapplicable/no_eligible_tokens) ratio
sample.md [block 10, paragraph] activation/filler.weak-intensifiers: 0 ratio
sample.md [block 10, paragraph] activation/hype.absolute-claim: unavailable (inapplicable/no_eligible_window) ratio
sample.md [block 10, paragraph] activation/hype.vague-praise: unavailable (inapplicable/no_eligible_window) ratio
sample.md [block 11, paragraph] activation/filler.stacked-hedging: 0 ratio
sample.md [block 11, paragraph] activation/filler.weak-intensifiers: unavailable (inapplicable/no_eligible_window) ratio
sample.md [block 11, paragraph] activation/hype.absolute-claim: unavailable (inapplicable/no_eligible_window) ratio
sample.md [block 11, paragraph] activation/hype.vague-praise: unavailable (inapplicable/no_eligible_window) ratio
Revision probability: unavailable (no calibrated alpha model).
