sample.md:1:4: error [scaffold.chat-preamble] Start with the subject instead of a conversational acknowledgment.
sample.md:3:1: error [policy.banned-phrases] Remove a phrase forbidden by this editorial policy.
FAIL: 1 documents, 2 findings; analysis complete.
  gate: sample.md: Start with the subject instead of a conversational acknowledgment.
  gate: sample.md: Remove a phrase forbidden by this editorial policy.
Shared measurements: unswell-feature-collection-v1 / unswell-block-features-v1; analysis complete.
Rule activations: unswell-rule-activations-v1; values are signals, not probabilities.
sample.md [block 0, heading] activation/filler.wordy-phrase: unavailable (inapplicable/no_patterns) ratio
sample.md [block 0, heading] activation/policy.banned-phrases: 0 ratio
sample.md [block 0, heading] activation/scaffold.chat-preamble: 1 ratio
sample.md [block 0, heading] activation/scaffold.follow-up-offer: unavailable (disabled) ratio
sample.md [block 1, paragraph] activation/filler.wordy-phrase: unavailable (inapplicable/no_patterns) ratio
sample.md [block 1, paragraph] activation/policy.banned-phrases: 1 ratio
sample.md [block 1, paragraph] activation/scaffold.chat-preamble: unavailable (inapplicable/no_eligible_window) ratio
sample.md [block 1, paragraph] activation/scaffold.follow-up-offer: unavailable (disabled) ratio
sample.md [block 2, paragraph] activation/filler.wordy-phrase: unavailable (inapplicable/no_patterns) ratio
sample.md [block 2, paragraph] activation/policy.banned-phrases: 0 ratio
sample.md [block 2, paragraph] activation/scaffold.chat-preamble: unavailable (inapplicable/no_eligible_window) ratio
sample.md [block 2, paragraph] activation/scaffold.follow-up-offer: unavailable (disabled) ratio
sample.md [block 3, paragraph] activation/filler.wordy-phrase: unavailable (inapplicable/no_patterns) ratio
sample.md [block 3, paragraph] activation/policy.banned-phrases: unavailable (inapplicable/no_eligible_window) ratio
sample.md [block 3, paragraph] activation/scaffold.chat-preamble: unavailable (inapplicable/no_eligible_window) ratio
sample.md [block 3, paragraph] activation/scaffold.follow-up-offer: unavailable (disabled) ratio
sample.md [block 4, paragraph] activation/filler.wordy-phrase: unavailable (inapplicable/no_patterns) ratio
sample.md [block 4, paragraph] activation/policy.banned-phrases: unavailable (inapplicable/no_eligible_window) ratio
sample.md [block 4, paragraph] activation/scaffold.chat-preamble: unavailable (inapplicable/no_eligible_window) ratio
sample.md [block 4, paragraph] activation/scaffold.follow-up-offer: unavailable (disabled) ratio
Revision probability: unavailable (no calibrated alpha model).
