sample.go:3:7: warning [syntax.nominalization-chain] Consider a direct verb while preserving the subject, conditions, and technical meaning.
sample.go:6:35: warning [format.em-dash-density] Em dashes exceed the selected local density; punctuation can be intentional.
  related: sample.go:6:55
FAIL: 1 documents, 2 findings; analysis complete.
  gate: sample.go: Consider a direct verb while preserving the subject, conditions, and technical meaning.
  gate: sample.go: Em dashes exceed the selected local density; punctuation can be intentional.
Revision probability: unavailable (no calibrated alpha model).
