sample.yaml:1:3: error [filler.announced-importance] State the fact without announcing its importance.
sample.yaml:2:11: error [scaffold.chat-preamble] Start with the subject instead of a conversational acknowledgment.
FAIL: 1 documents, 2 findings; analysis complete.
  gate: sample.yaml: State the fact without announcing its importance.
  gate: sample.yaml: Start with the subject instead of a conversational acknowledgment.
Revision probability: unavailable (no calibrated alpha model).
