encoded row 0/29750, unique 1, elapsed 0.0s
maximum cache size of 8 reached for "Store.Exec:github.com/gomlx/gomlx/ml/model.convertExecFn[...].func38", cannot create another graph -- a new computation graph needs to be created+compiled for each different shape of the input, consider using padding, or if this is not a concern change the cache size with executable.SetMaxCache()
        0.60 real         0.17 user         0.02 sys
            99811328  maximum resident set size
                   0  average shared memory size
                   0  average unshared data size
                   0  average unshared stack size
                6364  page reclaims
                   0  page faults
                   0  swaps
                   0  block input operations
                   0  block output operations
                   0  messages sent
                   0  messages received
                  27  signals received
                   5  voluntary context switches
                1731  involuntary context switches
          2937421757  instructions retired
           644477286  cycles elapsed
            77726344  peak memory footprint
