encoded row 0/29750, unique 1, elapsed 0.0s
encoded row 1000/29750, unique 898, elapsed 4.6s
encoded row 2000/29750, unique 1801, elapsed 9.0s
encoded row 3000/29750, unique 2665, elapsed 14.6s
encoded row 4000/29750, unique 3252, elapsed 16.7s
encoded row 5000/29750, unique 4155, elapsed 19.8s
encoded row 9000/29750, unique 6814, elapsed 31.6s
encoded row 10000/29750, unique 7626, elapsed 34.6s
encoded row 11000/29750, unique 8408, elapsed 37.4s
encoded row 12000/29750, unique 9246, elapsed 41.0s
encoded row 14000/29750, unique 10925, elapsed 49.1s
encoded row 16000/29750, unique 12450, elapsed 58.8s
encoded row 17000/29750, unique 13330, elapsed 63.4s
encoded row 18000/29750, unique 14111, elapsed 67.1s
encoded row 20000/29750, unique 15783, elapsed 77.5s
encoded row 21000/29750, unique 16611, elapsed 81.1s
encoded row 22000/29750, unique 17461, elapsed 85.1s
encoded row 23000/29750, unique 18167, elapsed 88.3s
encoded row 24000/29750, unique 18963, elapsed 92.8s
encoded row 25000/29750, unique 19697, elapsed 95.9s
encoded row 26000/29750, unique 20589, elapsed 99.7s
encoded row 27000/29750, unique 21460, elapsed 105.2s
encoded row 28000/29750, unique 22011, elapsed 107.8s
encoded row 29000/29750, unique 22856, elapsed 111.8s
complete rows=29750 unique=23385 elapsed=114.294590 heap=143648984
      115.01 real       140.41 user         2.19 sys
           335200256  maximum resident set size
                   0  average shared memory size
                   0  average unshared data size
                   0  average unshared stack size
               22535  page reclaims
                   0  page faults
                   0  swaps
                   0  block input operations
                   0  block output operations
                   0  messages sent
                   0  messages received
                 712  signals received
                  27  voluntary context switches
              684751  involuntary context switches
       3581596954851  instructions retired
        502260915155  cycles elapsed
           264307456  peak memory footprint
