benchmark.md:1:1: note [filler.announced-importance] State the fact without announcing its importance.
investigation.md:1:87: note [syntax.nominalization-chain] Consider a direct verb while preserving the subject, conditions, and technical meaning.
maintenance.md:1:156: note [filler.announced-importance] State the fact without announcing its importance.
technical.md:1:64: note [syntax.paired-contrast-density] Check whether repeated paired contrasts carry distinct information.
  related: technical.md:11:39
PASS: 7 documents, 4 findings; analysis complete.
Revision probability: unavailable (no calibrated alpha model).
