guide.md:3:1: note [syntax.repeated-reframing] Repeated denial and redefinition: review whether both clauses add information.
  related: guide.md:3:33
  related: guide.md:3:69
  related: guide.md:3:100
  related: guide.md:3:148
  related: guide.md:3:172
guide.md:7:1: note [syntax.repeated-reframing] Repeated denial and redefinition: review whether both clauses add information.
  related: guide.md:7:30
  related: guide.md:7:48
  related: guide.md:7:79
guide.md:11:1: note [filler.document-metadiscourse] Document self-description: check whether this announcement or navigation helps the reader.
guide.md:15:1: note [filler.document-metadiscourse] Document self-description: check whether this announcement or navigation helps the reader.
  related: guide.md:15:56
ptah.md:20:72: note [filler.document-metadiscourse] Document self-description: check whether this announcement or navigation helps the reader.
PASS: 2 documents, 5 findings; analysis complete.
Revision probability: unavailable (no calibrated alpha model).
