component.mdx:4:27: note [syntax.paired-contrast-density] Check whether repeated paired contrasts carry distinct information.
  related: component.mdx:4:71
guide.md:3:35: note [syntax.paired-contrast-density] Check whether repeated paired contrasts carry distinct information.
  related: guide.md:3:79
guide.md:7:27: note [syntax.paired-contrast-density] Check whether repeated paired contrasts carry distinct information.
  related: guide.md:7:66
sample.go:3:30: note [syntax.paired-contrast-density] Check whether repeated paired contrasts carry distinct information.
  related: sample.go:3:76
sample.go:12:42: note [syntax.paired-contrast-density] Check whether repeated paired contrasts carry distinct information.
  related: sample.go:12:77
PASS: 3 documents, 5 findings; analysis complete.
Revision probability: unavailable (no calibrated alpha model).
