guide.md:1:42: warning [filler.evaluative-closure] This clause announces information or endorses a result; state the information directly.
guide.md:3:1: warning [filler.evaluative-closure] This clause announces information or endorses a result; state the information directly.
guide.md:5:1: warning [filler.instruction-scaffolding] State the supported action directly; preserve its conditions and optionality.
guide.md:7:1: warning [filler.instruction-scaffolding] State the supported action directly; preserve its conditions and optionality.
guide.md:9:1: warning [filler.document-justification] State the scope or destination directly instead of explaining why this page exists.
guide.md:11:1: warning [repetition.definition-echo] The definition repeats its subject; state the distinguishing information directly.
guide.md:13:1: warning [repetition.redundant-predicate] The predicate repeats the relation already named by its subject.
FAIL: 1 documents, 7 findings; analysis complete.
  gate: guide.md: This clause announces information or endorses a result; state the information directly.
  gate: guide.md: This clause announces information or endorses a result; state the information directly.
  gate: guide.md: State the supported action directly; preserve its conditions and optionality.
  gate: guide.md: State the supported action directly; preserve its conditions and optionality.
  gate: guide.md: State the scope or destination directly instead of explaining why this page exists.
  gate: guide.md: The definition repeats its subject; state the distinguishing information directly.
  gate: guide.md: The predicate repeats the relation already named by its subject.
Revision probability: unavailable (no calibrated alpha model).
