notes.md:9:13: warning [syntax.noun-stack] Review this common-noun sequence; keep established technical terms.
notes.md:11:5: warning [syntax.noun-stack] Review this common-noun sequence; keep established technical terms.
sample.go:11:8: warning [syntax.noun-stack] Review this common-noun sequence; keep established technical terms.
FAIL: 2 documents, 3 findings; analysis complete.
  gate: notes.md: Review this common-noun sequence; keep established technical terms.
  gate: notes.md: Review this common-noun sequence; keep established technical terms.
  gate: sample.go: Review this common-noun sequence; keep established technical terms.
Revision probability: unavailable (no calibrated alpha model).
