positive.md:1:2: warning [repetition.near-sentence] These sentences have high lexical overlap; check for repeated information.
  related: positive.md:3:1
  related: positive.md:5:1
sample.go:8:16: warning [repetition.near-sentence] These sentences have high lexical overlap; check for repeated information.
  related: sample.go:9:17
FAIL: 6 documents, 2 findings; analysis complete.
  gate: positive.md: These sentences have high lexical overlap; check for repeated information.
  gate: sample.go: These sentences have high lexical overlap; check for repeated information.
Revision probability: unavailable (no calibrated alpha model).
