PASS: 1 documents, 0 findings; analysis complete.
Prepared measurements: unswell-prepared-feature-collection-v1 / unswell-prepared-unit-features-v1; analysis complete.
sample.md [fragment, bytes 2:17] noun-token-ratio: 0.5 ratio
sample.md [fragment, bytes 2:17] prose-words: 2 words
sample.md [sentence, bytes 21:43] noun-token-ratio: 0.3333333333333333 ratio
sample.md [sentence, bytes 21:43] prose-words: 3 words
sample.md [sentence, bytes 44:63] noun-token-ratio: 0.6666666666666666 ratio
sample.md [sentence, bytes 44:63] prose-words: 3 words
sample.md [paragraph, bytes 21:63] noun-token-ratio: 0.5 ratio
sample.md [paragraph, bytes 21:63] prose-words: 6 words
sample.md [fragment, bytes 67:72] noun-token-ratio: 0 ratio
sample.md [fragment, bytes 67:72] prose-words: 1 words
sample.md [fragment, bytes 82:87] noun-token-ratio: 1 ratio
sample.md [fragment, bytes 82:87] prose-words: 1 words
Revision probability: unavailable (no calibrated alpha model).
