list.md:7:13: error [filler.announced-importance] State the fact without announcing its importance.
quote.md:5:13: error [filler.announced-importance] State the fact without announcing its importance.
sample.md:5:11: error [filler.announced-importance] State the fact without announcing its importance.
FAIL: 4 documents, 3 findings; analysis complete.
  gate: list.md: State the fact without announcing its importance.
  gate: quote.md: State the fact without announcing its importance.
  gate: sample.md: State the fact without announcing its importance.
Revision probability: unavailable (no calibrated alpha model).
