attributes.go:11:4: warning [syntax.long-sentence] Consider splitting this long sentence without losing its conditions.
help.go:32:41: warning [readability.long-paragraph] Consider paragraph boundaries while keeping each condition with the statement it qualifies.
  related: help.go:32:316
  related: help.go:32:648
FAIL: 2 documents, 2 findings; analysis complete.
  gate: attributes.go: Consider splitting this long sentence without losing its conditions.
  gate: help.go: Consider paragraph boundaries while keeping each condition with the statement it qualifies.
Revision probability: unavailable (no calibrated alpha model).
Configuration: 8815d2c813c43e810b0003a85b095057c9c66cbbc4a2d7949168931ef442a7f1 (unswell-config-bundle-v1).
