attributes.go:11:4: warning [syntax.long-sentence] Consider splitting this long sentence without losing its conditions.
help.go:32:41: warning [readability.long-paragraph] Consider paragraph boundaries while keeping each condition with the statement it qualifies.
  related: help.go:32:316
  related: help.go:32:648
FAIL: 2 documents, 2 findings; analysis complete.
  gate: attributes.go: Consider splitting this long sentence without losing its conditions.
  gate: help.go: Consider paragraph boundaries while keeping each condition with the statement it qualifies.
Revision probability: unavailable (no calibrated alpha model).
Configuration: 0f954226201aea50189485dc8a8cbe61bcfa7d0cbfea074f06bebdaaa6220d8f (unswell-config-bundle-v1).
