attributes.go:11:4: warning [syntax.long-sentence] Consider splitting this long sentence without losing its conditions.
help.go:32:41: warning [readability.long-paragraph] Consider paragraph boundaries while keeping each condition with the statement it qualifies.
  related: help.go:32:316
  related: help.go:32:648
FAIL: 2 documents, 2 findings; analysis complete.
  gate: attributes.go: Consider splitting this long sentence without losing its conditions.
  gate: help.go: Consider paragraph boundaries while keeping each condition with the statement it qualifies.
Revision probability: unavailable (no calibrated alpha model).
Configuration: 4f987469887f78bb48a1c55b6034e124d10638fc6d37cf60025b8b14f5562d6b (unswell-config-bundle-v1).
