notes.md:5:5: warning [syntax.noun-stack] Review this common-noun sequence; keep established technical terms.
notes.md:9:5: warning [syntax.noun-stack] Review this common-noun sequence; keep established technical terms.
sample.go:7:8: warning [syntax.noun-stack] Review this common-noun sequence; keep established technical terms.
sample.go:10:8: warning [syntax.noun-stack] Review this common-noun sequence; keep established technical terms.
sample.go:16:8: warning [syntax.noun-stack] Review this common-noun sequence; keep established technical terms.
FAIL: 2 documents, 5 findings; analysis complete.
  gate: notes.md: Review this common-noun sequence; keep established technical terms.
  gate: notes.md: Review this common-noun sequence; keep established technical terms.
  gate: sample.go: Review this common-noun sequence; keep established technical terms.
  gate: sample.go: Review this common-noun sequence; keep established technical terms.
  gate: sample.go: Review this common-noun sequence; keep established technical terms.
Revision probability: unavailable (no calibrated alpha model).
