boundaries.md:3:1: warning [syntax.long-sentence] Consider splitting this long sentence without losing its conditions.
insertions.md:3:12: warning [syntax.parenthetical-load] Review the load of balanced insertions; retain conditions, qualifications, and necessary definitions.
messages.go:3:4: warning [filler.announced-importance] State the fact without announcing its importance.
messages.go:5:13: warning [filler.announced-importance] State the fact without announcing its importance.
nouns.md:5:5: warning [syntax.noun-stack] Review this common-noun sequence; keep established technical terms.
programs.sh:6:16: warning [filler.announced-importance] State the fact without announcing its importance.
typed.js:7:4: warning [filler.announced-importance] State the fact without announcing its importance.
FAIL: 6 documents, 7 findings; analysis complete.
  gate: boundaries.md: Consider splitting this long sentence without losing its conditions.
  gate: insertions.md: Review the load of balanced insertions; retain conditions, qualifications, and necessary definitions.
  gate: messages.go: State the fact without announcing its importance.
  gate: messages.go: State the fact without announcing its importance.
  gate: nouns.md: Review this common-noun sequence; keep established technical terms.
  gate: programs.sh: State the fact without announcing its importance.
  gate: typed.js: State the fact without announcing its importance.
Revision probability: unavailable (no calibrated alpha model).
Configuration: 3aa50613474280167318e6cc6106beb54efb082664ccc054053074757a0154f6 (unswell-config-bundle-v1).
