depth4.md:1:4: error [filler.announced-importance] State the fact without announcing its importance.
depth4.md:2:5: error [filler.announced-importance] State the fact without announcing its importance.
depth4.md:3:7: error [filler.announced-importance] State the fact without announcing its importance.
depth4.md:4:9: error [filler.announced-importance] State the fact without announcing its importance.
depth5.md:1:4: error [filler.announced-importance] State the fact without announcing its importance.
depth5.md:2:5: error [filler.announced-importance] State the fact without announcing its importance.
depth5.md:3:7: error [filler.announced-importance] State the fact without announcing its importance.
depth5.md:4:9: error [filler.announced-importance] State the fact without announcing its importance.
depth5.md:5:11: error [filler.announced-importance] State the fact without announcing its importance.
depth8.md:1:4: error [filler.announced-importance] State the fact without announcing its importance.
depth8.md:2:5: error [filler.announced-importance] State the fact without announcing its importance.
depth8.md:3:8: error [filler.announced-importance] State the fact without announcing its importance.
depth8.md:4:12: error [filler.announced-importance] State the fact without announcing its importance.
depth8.md:5:14: error [filler.announced-importance] State the fact without announcing its importance.
depth8.md:6:17: error [filler.announced-importance] State the fact without announcing its importance.
depth8.md:7:21: error [filler.announced-importance] State the fact without announcing its importance.
depth8.md:8:23: error [filler.announced-importance] State the fact without announcing its importance.
depth8.md:14:3: error [filler.announced-importance] State the fact without announcing its importance.
FAIL: 3 documents, 18 findings; analysis complete.
  gate: depth4.md: State the fact without announcing its importance.
  gate: depth4.md: State the fact without announcing its importance.
  gate: depth4.md: State the fact without announcing its importance.
  gate: depth4.md: State the fact without announcing its importance.
  gate: depth5.md: State the fact without announcing its importance.
  gate: depth5.md: State the fact without announcing its importance.
  gate: depth5.md: State the fact without announcing its importance.
  gate: depth5.md: State the fact without announcing its importance.
  gate: depth5.md: State the fact without announcing its importance.
  gate: depth8.md: State the fact without announcing its importance.
  gate: depth8.md: State the fact without announcing its importance.
  gate: depth8.md: State the fact without announcing its importance.
  gate: depth8.md: State the fact without announcing its importance.
  gate: depth8.md: State the fact without announcing its importance.
  gate: depth8.md: State the fact without announcing its importance.
  gate: depth8.md: State the fact without announcing its importance.
  gate: depth8.md: State the fact without announcing its importance.
  gate: depth8.md: State the fact without announcing its importance.
Revision probability: unavailable (no calibrated alpha model).
