changes.md:3:3: warning [repetition.duplicate-list-item] This complete list item is repeated in the same list; check whether both entries describe the same change.
  related: changes.md:7:3
FAIL: 3 documents, 1 findings; analysis complete.
  gate: changes.md: This complete list item is repeated in the same list; check whether both entries describe the same change.
Revision probability: unavailable (no calibrated alpha model).
