sample.ts:1:5: error [filler.announced-importance] State the fact without announcing its importance.
sample.ts:3:11: error [scaffold.chat-preamble] Start with the subject instead of a conversational acknowledgment.
sample.ts:3:53: error [filler.announced-importance] State the fact without announcing its importance.
sample.ts:6:25: error [scaffold.chat-preamble] Start with the subject instead of a conversational acknowledgment.
view.tsx:2:4: error [filler.announced-importance] State the fact without announcing its importance.
view.tsx:4:31: error [scaffold.chat-preamble] Start with the subject instead of a conversational acknowledgment.
FAIL: 2 documents, 6 findings; analysis complete.
  gate: sample.ts: State the fact without announcing its importance.
  gate: sample.ts: Start with the subject instead of a conversational acknowledgment.
  gate: sample.ts: State the fact without announcing its importance.
  gate: sample.ts: Start with the subject instead of a conversational acknowledgment.
  gate: view.tsx: State the fact without announcing its importance.
  gate: view.tsx: Start with the subject instead of a conversational acknowledgment.
Revision probability: unavailable (no calibrated alpha model).
