.github/workflows/check.yml:5:15: error [filler.announced-importance] State the fact without announcing its importance.
.github/workflows/check.yml:14:13: error [filler.announced-importance] State the fact without announcing its importance.
.github/workflows/check.yml:15:26: error [filler.announced-importance] State the fact without announcing its importance.
.github/workflows/check.yml:17:17: error [filler.announced-importance] State the fact without announcing its importance. [suppressed]
.github/workflows/check.yml:19:22: error [filler.announced-importance] State the fact without announcing its importance.
.github/workflows/check.yml:28:16: error [filler.announced-importance] State the fact without announcing its importance.
.github/workflows/folded.yml:8:17: error [filler.announced-importance] State the fact without announcing its importance.
.github/workflows/windows.yml:6:13: error [filler.announced-importance] State the fact without announcing its importance.
.github/workflows/windows.yml:7:25: error [filler.announced-importance] State the fact without announcing its importance.
FAIL: 3 documents, 9 findings; analysis complete.
  gate: .github/workflows/check.yml: State the fact without announcing its importance.
  gate: .github/workflows/check.yml: State the fact without announcing its importance.
  gate: .github/workflows/check.yml: State the fact without announcing its importance.
  gate: .github/workflows/check.yml: State the fact without announcing its importance.
  gate: .github/workflows/check.yml: State the fact without announcing its importance.
  gate: .github/workflows/folded.yml: State the fact without announcing its importance.
  gate: .github/workflows/windows.yml: State the fact without announcing its importance.
  gate: .github/workflows/windows.yml: State the fact without announcing its importance.
Suppression used: .github/workflows/check.yml:16:11 [disable-next-block] Required external wording. (matches: 1).
.github/workflows/check.yml paragraph 6: raw index 15; effective index 0.
.github/workflows/check.yml sentence 6: raw index 15; effective index 0.
Revision probability: unavailable (no calibrated alpha model).
