Sample.cs:1:4: error [filler.announced-importance] State the fact without announcing its importance.
Sample.cs:2:40: error [scaffold.chat-preamble] Start with the subject instead of a conversational acknowledgment.
FAIL: 1 documents, 2 findings; analysis complete.
  gate: Sample.cs: State the fact without announcing its importance.
  gate: Sample.cs: Start with the subject instead of a conversational acknowledgment.
Revision probability: unavailable (no calibrated alpha model).
