INCOMPLETE: 0 documents, 0 findings; analysis incomplete.
  error: guide.md: suppression at bytes [0,86): unknown suppression command "unswell-disable-next-blok"
  error: : suppression at bytes [0,86): unknown suppression command "unswell-disable-next-blok" scan contains no applicable English prose
Revision probability: unavailable (no calibrated alpha model).
