draft.md:1:2: warning [filler.nominal-support] Consider expressing the action or frequency without this support noun.
draft.md:3:1: warning [repetition.redundant-support] This clause marks the same relationship twice; check whether one marker is enough.
draft.md:5:1: warning [filler.instruction-scaffolding] State the supported action directly; preserve its conditions and optionality.
  related: draft.md:7:1
PASS: 3 documents, 3 findings; analysis complete.
Revision probability: unavailable (no calibrated alpha model).
