guide.mdx:3:1: warning [filler.document-justification] State the information directly; remove redundant document or outcome announcements.
  related: guide.mdx:3:38
  related: guide.mdx:3:84
PASS: 1 documents, 1 findings; analysis complete.
Revision probability: unavailable (no calibrated alpha model).
