long_openings.md:1:2: warning [repetition.paragraph-openers] Several paragraphs repeat the same opening formula.
  related: long_openings.md:3:1
  related: long_openings.md:5:1
long_openings.md:1:2: warning [repetition.sentence-openers] Several sentences repeat the same opening; consider removing repeated setup.
  related: long_openings.md:3:1
  related: long_openings.md:5:1
missing_prefixes.md:1:6: warning [repetition.sentence-openers] Several sentences repeat the same opening; consider removing repeated setup.
  related: missing_prefixes.md:3:5
  related: missing_prefixes.md:5:5
short_openings.md:1:2: warning [repetition.paragraph-openers] Several paragraphs repeat the same opening formula.
  related: short_openings.md:3:1
  related: short_openings.md:5:1
PASS: 5 documents, 4 findings; analysis complete.
Shared measurements: unswell-feature-collection-v1 / unswell-block-features-v1; analysis complete.
Rule activations: unswell-rule-activations-v1; values are signals, not probabilities.
long_openings.md [block 0, paragraph] activation/repetition.paragraph-openers: 0.333 ratio
long_openings.md [block 0, paragraph] activation/repetition.sentence-openers: 0.333 ratio
long_openings.md [block 1, paragraph] activation/repetition.paragraph-openers: 0.333 ratio
long_openings.md [block 1, paragraph] activation/repetition.sentence-openers: 0.333 ratio
long_openings.md [block 2, paragraph] activation/repetition.paragraph-openers: 0.333 ratio
long_openings.md [block 2, paragraph] activation/repetition.sentence-openers: 0.333 ratio
missing_prefixes.md [block 0, paragraph] activation/repetition.paragraph-openers: unavailable (inapplicable/no_eligible_tokens) ratio
missing_prefixes.md [block 0, paragraph] activation/repetition.sentence-openers: 0.333 ratio
missing_prefixes.md [block 1, paragraph] activation/repetition.paragraph-openers: unavailable (inapplicable/no_eligible_tokens) ratio
missing_prefixes.md [block 1, paragraph] activation/repetition.sentence-openers: 0.333 ratio
missing_prefixes.md [block 2, paragraph] activation/repetition.paragraph-openers: unavailable (inapplicable/no_eligible_tokens) ratio
missing_prefixes.md [block 2, paragraph] activation/repetition.sentence-openers: 0.333 ratio
protected_prefixes.md [block 0, paragraph] activation/repetition.paragraph-openers: unavailable (inapplicable/no_eligible_tokens) ratio
protected_prefixes.md [block 0, paragraph] activation/repetition.sentence-openers: 0 ratio
protected_prefixes.md [block 1, paragraph] activation/repetition.paragraph-openers: unavailable (inapplicable/no_eligible_tokens) ratio
protected_prefixes.md [block 1, paragraph] activation/repetition.sentence-openers: 0 ratio
protected_prefixes.md [block 2, paragraph] activation/repetition.paragraph-openers: unavailable (inapplicable/no_eligible_tokens) ratio
protected_prefixes.md [block 2, paragraph] activation/repetition.sentence-openers: 0 ratio
short_openings.md [block 0, paragraph] activation/repetition.paragraph-openers: 0.333 ratio
short_openings.md [block 0, paragraph] activation/repetition.sentence-openers: 0 ratio
short_openings.md [block 1, paragraph] activation/repetition.paragraph-openers: 0.333 ratio
short_openings.md [block 1, paragraph] activation/repetition.sentence-openers: 0 ratio
short_openings.md [block 2, paragraph] activation/repetition.paragraph-openers: 0.333 ratio
short_openings.md [block 2, paragraph] activation/repetition.sentence-openers: 0 ratio
short_paragraphs.md [block 0, paragraph] activation/repetition.paragraph-openers: unavailable (inapplicable/insufficient_words) ratio
short_paragraphs.md [block 0, paragraph] activation/repetition.sentence-openers: unavailable (inapplicable/insufficient_words) ratio
short_paragraphs.md [block 1, paragraph] activation/repetition.paragraph-openers: unavailable (inapplicable/insufficient_words) ratio
short_paragraphs.md [block 1, paragraph] activation/repetition.sentence-openers: unavailable (inapplicable/insufficient_words) ratio
short_paragraphs.md [block 2, paragraph] activation/repetition.paragraph-openers: unavailable (inapplicable/insufficient_words) ratio
short_paragraphs.md [block 2, paragraph] activation/repetition.sentence-openers: unavailable (inapplicable/insufficient_words) ratio
Revision probability: unavailable (no calibrated alpha model).
